Archive member included to satisfy reference by file (symbol)

libbb/lib.a(appletlib.o)      /opt/arm-gnu-toolchain-12.3.rel1-aarch64-arm-none-linux-gnueabihf/bin/../arm-none-linux-gnueabihf/libc/usr/lib/crt1.o (main)
libbb/lib.a(compare_string_array.o)
                              libbb/lib.a(appletlib.o) (is_prefixed_with)
libbb/lib.a(concat_path_file.o)
                              libbb/lib.a(appletlib.o) (concat_path_file)
libbb/lib.a(default_error_retval.o)
                              libbb/lib.a(appletlib.o) (xfunc_error_retval)
libbb/lib.a(get_last_path_component.o)
                              libbb/lib.a(appletlib.o) (bb_basename)
libbb/lib.a(last_char_is.o)   libbb/lib.a(concat_path_file.o) (last_char_is)
libbb/lib.a(llist.o)          libbb/lib.a(appletlib.o) (llist_free)
libbb/lib.a(messages.o)       libbb/lib.a(appletlib.o) (bb_busybox_exec_path)
libbb/lib.a(perror_msg.o)     libbb/lib.a(appletlib.o) (bb_simple_perror_msg)
libbb/lib.a(ptr_to_globals.o)
                              libbb/lib.a(appletlib.o) (bb_errno)
libbb/lib.a(skip_whitespace.o)
                              libbb/lib.a(appletlib.o) (skip_whitespace)
libbb/lib.a(verror_msg.o)     libbb/lib.a(perror_msg.o) (bb_verror_msg)
libbb/lib.a(wfopen.o)         libbb/lib.a(appletlib.o) (fopen_for_read)
libbb/lib.a(xfunc_die.o)      libbb/lib.a(appletlib.o) (xfunc_die)
libbb/lib.a(xfuncs.o)         libbb/lib.a(appletlib.o) (full_write1_str)
libbb/lib.a(xfuncs_printf.o)  libbb/lib.a(wfopen.o) (bb_die_memory_exhausted)
libbb/lib.a(xreadlink.o)      libbb/lib.a(appletlib.o) (xmalloc_readlink)
libbb/lib.a(copyfd.o)         libbb/lib.a(xfuncs_printf.o) (bb_copyfd_eof)
libbb/lib.a(full_write.o)     libbb/lib.a(verror_msg.o) (full_write)
libbb/lib.a(read.o)           libbb/lib.a(copyfd.o) (safe_read)
libbb/lib.a(safe_write.o)     libbb/lib.a(full_write.o) (safe_write)
libbb/lib.a(signals.o)        libbb/lib.a(xfuncs_printf.o) (kill_myself_with_sig)
libbb/lib.a(time.o)           libbb/lib.a(xfuncs_printf.o) (monotonic_us)
libbb/lib.a(xgetcwd.o)        libbb/lib.a(xreadlink.o) (xrealloc_getcwd_or_warn)
libbb/lib.a(bb_strtonum.o)    libbb/lib.a(time.o) (bb_strtol)
libpwdgrp/lib.a(pwd_grp.o)    libbb/lib.a(appletlib.o) (bb_internal_getpwnam)
libpwdgrp/lib.a(uidgid_get.o)
                              libbb/lib.a(appletlib.o) (get_uidgid)
loginutils/lib.a(add-remove-shell.o)
                              libbb/lib.a(appletlib.o) (add_remove_shell_main)
loginutils/lib.a(addgroup.o)  libbb/lib.a(appletlib.o) (addgroup_main)
loginutils/lib.a(adduser.o)   libbb/lib.a(appletlib.o) (adduser_main)
loginutils/lib.a(chpasswd.o)  libbb/lib.a(appletlib.o) (chpasswd_main)
loginutils/lib.a(cryptpw.o)   libbb/lib.a(appletlib.o) (cryptpw_main)
loginutils/lib.a(deluser.o)   libbb/lib.a(appletlib.o) (deluser_main)
loginutils/lib.a(getty.o)     libbb/lib.a(appletlib.o) (getty_main)
loginutils/lib.a(login.o)     libbb/lib.a(appletlib.o) (login_main)
loginutils/lib.a(passwd.o)    libbb/lib.a(appletlib.o) (passwd_main)
loginutils/lib.a(su.o)        libbb/lib.a(appletlib.o) (su_main)
loginutils/lib.a(sulogin.o)   libbb/lib.a(appletlib.o) (sulogin_main)
loginutils/lib.a(vlock.o)     libbb/lib.a(appletlib.o) (vlock_main)
mailutils/lib.a(makemime.o)   libbb/lib.a(appletlib.o) (makemime_main)
mailutils/lib.a(popmaildir.o)
                              libbb/lib.a(appletlib.o) (popmaildir_main)
mailutils/lib.a(reformime.o)  libbb/lib.a(appletlib.o) (reformime_main)
mailutils/lib.a(sendmail.o)   libbb/lib.a(appletlib.o) (sendmail_main)
mailutils/lib.a(mail.o)       mailutils/lib.a(popmaildir.o) (launch_helper)
miscutils/lib.a(adjtimex.o)   libbb/lib.a(appletlib.o) (adjtimex_main)
miscutils/lib.a(ascii.o)      libbb/lib.a(appletlib.o) (ascii_main)
miscutils/lib.a(bc.o)         libbb/lib.a(appletlib.o) (bc_main)
miscutils/lib.a(beep.o)       libbb/lib.a(appletlib.o) (beep_main)
miscutils/lib.a(chat.o)       libbb/lib.a(appletlib.o) (chat_main)
miscutils/lib.a(conspy.o)     libbb/lib.a(appletlib.o) (conspy_main)
miscutils/lib.a(crond.o)      libbb/lib.a(appletlib.o) (crond_main)
miscutils/lib.a(crontab.o)    libbb/lib.a(appletlib.o) (crontab_main)
miscutils/lib.a(devmem.o)     libbb/lib.a(appletlib.o) (devmem_main)
miscutils/lib.a(fbsplash.o)   libbb/lib.a(appletlib.o) (fbsplash_main)
miscutils/lib.a(hdparm.o)     libbb/lib.a(appletlib.o) (hdparm_main)
miscutils/lib.a(hexedit.o)    libbb/lib.a(appletlib.o) (hexedit_main)
miscutils/lib.a(i2c_tools.o)  libbb/lib.a(appletlib.o) (i2cget_main)
miscutils/lib.a(less.o)       libbb/lib.a(appletlib.o) (less_main)
miscutils/lib.a(lsscsi.o)     libbb/lib.a(appletlib.o) (lsscsi_main)
miscutils/lib.a(makedevs.o)   libbb/lib.a(appletlib.o) (makedevs_main)
miscutils/lib.a(man.o)        libbb/lib.a(appletlib.o) (man_main)
miscutils/lib.a(microcom.o)   libbb/lib.a(appletlib.o) (microcom_main)
miscutils/lib.a(mt.o)         libbb/lib.a(appletlib.o) (mt_main)
miscutils/lib.a(nandwrite.o)  libbb/lib.a(appletlib.o) (nandwrite_main)
[...]
Memory Configuration

Name             Origin             Length             Attributes
*default*        0x00000000         0xffffffff

Linker script and memory map

LOAD /opt/arm-gnu-toolchain-12.3.rel1-aarch64-arm-none-linux-gnueabihf/bin/../arm-none-linux-gnueabihf/libc/usr/lib/crt1.o
LOAD /opt/arm-gnu-toolchain-12.3.rel1-aarch64-arm-none-linux-gnueabihf/bin/../arm-none-linux-gnueabihf/libc/usr/lib/crti.o
LOAD /opt/arm-gnu-toolchain-12.3.rel1-aarch64-arm-none-linux-gnueabihf/bin/../lib/gcc/arm-none-linux-gnueabihf/12.3.1/crtbegin.o
START GROUP
LOAD applets/built-in.o
LOAD archival/lib.a
LOAD archival/libarchive/lib.a
LOAD console-tools/lib.a
LOAD coreutils/lib.a
LOAD coreutils/libcoreutils/lib.a
LOAD debianutils/lib.a
LOAD klibc-utils/lib.a
LOAD e2fsprogs/lib.a
LOAD editors/lib.a
LOAD findutils/lib.a
LOAD init/lib.a
LOAD libbb/lib.a
LOAD libpwdgrp/lib.a
LOAD loginutils/lib.a
LOAD mailutils/lib.a
LOAD miscutils/lib.a
LOAD modutils/lib.a
LOAD networking/lib.a
LOAD networking/libiproute/lib.a
LOAD networking/udhcp/lib.a
LOAD printutils/lib.a
LOAD procps/lib.a
LOAD runit/lib.a
LOAD selinux/lib.a
LOAD shell/lib.a
LOAD sysklogd/lib.a
LOAD util-linux/lib.a
LOAD util-linux/volume_id/lib.a
LOAD archival/built-in.o
LOAD archival/libarchive/built-in.o
LOAD console-tools/built-in.o
LOAD coreutils/built-in.o
LOAD coreutils/libcoreutils/built-in.o
LOAD debianutils/built-in.o
LOAD klibc-utils/built-in.o
LOAD e2fsprogs/built-in.o
LOAD editors/built-in.o
LOAD findutils/built-in.o
LOAD init/built-in.o
LOAD libbb/built-in.o
LOAD libpwdgrp/built-in.o
LOAD loginutils/built-in.o
LOAD mailutils/built-in.o
LOAD miscutils/built-in.o
LOAD modutils/built-in.o
LOAD networking/built-in.o
LOAD networking/libiproute/built-in.o
LOAD networking/udhcp/built-in.o
LOAD printutils/built-in.o
LOAD procps/built-in.o
LOAD runit/built-in.o
LOAD selinux/built-in.o
LOAD shell/built-in.o
LOAD sysklogd/built-in.o
LOAD util-linux/built-in.o
LOAD util-linux/volume_id/built-in.o
END GROUP
START GROUP
LOAD /opt/arm-gnu-toolchain-12.3.rel1-aarch64-arm-none-linux-gnueabihf/bin/../arm-none-linux-gnueabihf/libc/usr/lib/libm.so
LOAD /opt/arm-gnu-toolchain-12.3.rel1-aarch64-arm-none-linux-gnueabihf/bin/../arm-none-linux-gnueabihf/libc/usr/lib/libresolv.so
END GROUP
LOAD /opt/arm-gnu-toolchain-12.3.rel1-aarch64-arm-none-linux-gnueabihf/bin/../lib/gcc/arm-none-linux-gnueabihf/12.3.1/libgcc.a
LOAD /opt/arm-gnu-toolchain-12.3.rel1-aarch64-arm-none-linux-gnueabihf/bin/../lib/gcc/arm-none-linux-gnueabihf/12.3.1/libgcc_eh.a
LOAD /opt/arm-gnu-toolchain-12.3.rel1-aarch64-arm-none-linux-gnueabihf/bin/../arm-none-linux-gnueabihf/libc/usr/lib/libc.so
START GROUP
LOAD /opt/arm-gnu-toolchain-12.3.rel1-aarch64-arm-none-linux-gnueabihf/bin/../arm-none-linux-gnueabihf/libc/lib/libc.so.6
LOAD /opt/arm-gnu-toolchain-12.3.rel1-aarch64-arm-none-linux-gnueabihf/bin/../arm-none-linux-gnueabihf/libc/usr/lib/libc_nonshared.a
LOAD /opt/arm-gnu-toolchain-12.3.rel1-aarch64-arm-none-linux-gnueabihf/bin/../arm-none-linux-gnueabihf/libc/lib/ld-linux-armhf.so.3
END GROUP
LOAD /opt/arm-gnu-toolchain-12.3.rel1-aarch64-arm-none-linux-gnueabihf/bin/../lib/gcc/arm-none-linux-gnueabihf/12.3.1/libgcc.a
LOAD /opt/arm-gnu-toolchain-12.3.rel1-aarch64-arm-none-linux-gnueabihf/bin/../lib/gcc/arm-none-linux-gnueabihf/12.3.1/libgcc_eh.a
LOAD /opt/arm-gnu-toolchain-12.3.rel1-aarch64-arm-none-linux-gnueabihf/bin/../lib/gcc/arm-none-linux-gnueabihf/12.3.1/crtend.o
LOAD /opt/arm-gnu-toolchain-12.3.rel1-aarch64-arm-none-linux-gnueabihf/bin/../arm-none-linux-gnueabihf/libc/usr/lib/crtn.o
                [!provide]                        PROVIDE (__executable_start = SEGMENT_START ("text-segment", 0x10000))
                0x00010154                        . = (SEGMENT_START ("text-segment", 0x10000) + SIZEOF_HEADERS)

.interp         0x00010154       0x19
 *(SORT_BY_ALIGNMENT(.interp))
 .interp        0x00010154       0x19 /opt/arm-gnu-toolchain-12.3.rel1-aarch64-arm-none-linux-gnueabihf/bin/../arm-none-linux-gnueabihf/libc/usr/lib/crt1.o

.note.ABI-tag   0x00010170       0x20
 .note.ABI-tag  0x00010170       0x20 /opt/arm-gnu-toolchain-12.3.rel1-aarch64-arm-none-linux-gnueabihf/bin/../arm-none-linux-gnueabihf/libc/usr/lib/crt1.o

.note.gnu.build-id
 *(SORT_BY_ALIGNMENT(.note.gnu.build-id))

.hash           0x00010190      0xa68
 *(SORT_BY_ALIGNMENT(.hash))
 .hash          0x00010190      0xa68 /opt/arm-gnu-toolchain-12.3.rel1-aarch64-arm-none-linux-gnueabihf/bin/../arm-none-linux-gnueabihf/libc/usr/lib/crt1.o

.gnu.hash       0x00010bf8      0xc60
 *(SORT_BY_ALIGNMENT(.gnu.hash))
 .gnu.hash      0x00010bf8      0xc60 /opt/arm-gnu-toolchain-12.3.rel1-aarch64-arm-none-linux-gnueabihf/bin/../arm-none-linux-gnueabihf/libc/usr/lib/crt1.o

.dynsym         0x00011858     0x1910
 *(SORT_BY_ALIGNMENT(.dynsym))
 .dynsym        0x00011858     0x1910 /opt/arm-gnu-toolchain-12.3.rel1-aarch64-arm-none-linux-gnueabihf/bin/../arm-none-linux-gnueabihf/libc/usr/lib/crt1.o

.dynstr         0x00013168      0xdf2
 *(SORT_BY_ALIGNMENT(.dynstr))
 .dynstr        0x00013168      0xdf2 /opt/arm-gnu-toolchain-12.3.rel1-aarch64-arm-none-linux-gnueabihf/bin/../arm-none-linux-gnueabihf/libc/usr/lib/crt1.o

.gnu.version    0x00013f5a      0x322
 *(SORT_BY_ALIGNMENT(.gnu.version))
 .gnu.version   0x00013f5a      0x322 /opt/arm-gnu-toolchain-12.3.rel1-aarch64-arm-none-linux-gnueabihf/bin/../arm-none-linux-gnueabihf/libc/usr/lib/crt1.o

.gnu.version_d  0x0001427c        0x0
 *(SORT_BY_ALIGNMENT(.gnu.version_d))
 .gnu.version_d
                0x0001427c        0x0 /opt/arm-gnu-toolchain-12.3.rel1-aarch64-arm-none-linux-gnueabihf/bin/../arm-none-linux-gnueabihf/libc/usr/lib/crt1.o

.gnu.version_r  0x0001427c      0x100
 *(SORT_BY_ALIGNMENT(.gnu.version_r))
 .gnu.version_r
                0x0001427c      0x100 /opt/arm-gnu-toolchain-12.3.rel1-aarch64-arm-none-linux-gnueabihf/bin/../arm-none-linux-gnueabihf/libc/usr/lib/crt1.o

.rel.dyn        0x0001437c       0x48
 *(SORT_BY_ALIGNMENT(.rel.init))
 *(SORT_BY_ALIGNMENT(.rel.text) SORT_BY_ALIGNMENT(.rel.text.*) SORT_BY_ALIGNMENT(.rel.gnu.linkonce.t.*))
 *(SORT_BY_ALIGNMENT(.rel.fini))
 *(SORT_BY_ALIGNMENT(.rel.rodata) SORT_BY_ALIGNMENT(.rel.rodata.*) SORT_BY_ALIGNMENT(.rel.gnu.linkonce.r.*))
 *(SORT_BY_ALIGNMENT(.rel.data.rel.ro) SORT_BY_ALIGNMENT(.rel.data.rel.ro.*) SORT_BY_ALIGNMENT(.rel.gnu.linkonce.d.rel.ro.*))
 .rel.data.rel.ro
                0x0001437c        0x0 /opt/arm-gnu-toolchain-12.3.rel1-aarch64-arm-none-linux-gnueabihf/bin/../arm-none-linux-gnueabihf/libc/usr/lib/crt1.o
 *(SORT_BY_ALIGNMENT(.rel.data) SORT_BY_ALIGNMENT(.rel.data.*) SORT_BY_ALIGNMENT(.rel.gnu.linkonce.d.*))
 *(SORT_BY_ALIGNMENT(.rel.tdata) SORT_BY_ALIGNMENT(.rel.tdata.*) SORT_BY_ALIGNMENT(.rel.gnu.linkonce.td.*))
 *(SORT_BY_ALIGNMENT(.rel.tbss) SORT_BY_ALIGNMENT(.rel.tbss.*) SORT_BY_ALIGNMENT(.rel.gnu.linkonce.tb.*))
 *(SORT_BY_ALIGNMENT(.rel.ctors))
 *(SORT_BY_ALIGNMENT(.rel.dtors))
 *(SORT_BY_ALIGNMENT(.rel.got))
 .rel.got       0x0001437c        0x8 /opt/arm-gnu-toolchain-12.3.rel1-aarch64-arm-none-linux-gnueabihf/bin/../arm-none-linux-gnueabihf/libc/usr/lib/crt1.o
 *(SORT_BY_ALIGNMENT(.rel.bss) SORT_BY_ALIGNMENT(.rel.bss.*) SORT_BY_ALIGNMENT(.rel.gnu.linkonce.b.*))
 .rel.bss       0x00014384       0x40 /opt/arm-gnu-toolchain-12.3.rel1-aarch64-arm-none-linux-gnueabihf/bin/../arm-none-linux-gnueabihf/libc/usr/lib/crt1.o
                [!provide]                        PROVIDE (__rel_iplt_start = .)
 *(SORT_BY_ALIGNMENT(.rel.iplt))
 .rel.iplt      0x000143c4        0x0 /opt/arm-gnu-toolchain-12.3.rel1-aarch64-arm-none-linux-gnueabihf/bin/../arm-none-linux-gnueabihf/libc/usr/lib/crt1.o
                [!provide]                        PROVIDE (__rel_iplt_end = .)

.rela.dyn       0x000143c4        0x0
 *(SORT_BY_ALIGNMENT(.rela.init))
 *(SORT_BY_ALIGNMENT(.rela.text) SORT_BY_ALIGNMENT(.rela.text.*) SORT_BY_ALIGNMENT(.rela.gnu.linkonce.t.*))
 *(SORT_BY_ALIGNMENT(.rela.fini))
 *(SORT_BY_ALIGNMENT(.rela.rodata) SORT_BY_ALIGNMENT(.rela.rodata.*) SORT_BY_ALIGNMENT(.rela.gnu.linkonce.r.*))
 *(SORT_BY_ALIGNMENT(.rela.data) SORT_BY_ALIGNMENT(.rela.data.*) SORT_BY_ALIGNMENT(.rela.gnu.linkonce.d.*))
 *(SORT_BY_ALIGNMENT(.rela.tdata) SORT_BY_ALIGNMENT(.rela.tdata.*) SORT_BY_ALIGNMENT(.rela.gnu.linkonce.td.*))
 *(SORT_BY_ALIGNMENT(.rela.tbss) SORT_BY_ALIGNMENT(.rela.tbss.*) SORT_BY_ALIGNMENT(.rela.gnu.linkonce.tb.*))
 *(SORT_BY_ALIGNMENT(.rela.ctors))
 *(SORT_BY_ALIGNMENT(.rela.dtors))
 *(SORT_BY_ALIGNMENT(.rela.got))
 *(SORT_BY_ALIGNMENT(.rela.bss) SORT_BY_ALIGNMENT(.rela.bss.*) SORT_BY_ALIGNMENT(.rela.gnu.linkonce.b.*))
                [!provide]                        PROVIDE (__rela_iplt_start = .)
 *(SORT_BY_ALIGNMENT(.rela.iplt))
                [!provide]                        PROVIDE (__rela_iplt_end = .)

.rel.plt        0x000143c4      0xc28
 *(SORT_BY_ALIGNMENT(.rel.plt))
 .rel.plt       0x000143c4      0xc28 /opt/arm-gnu-toolchain-12.3.rel1-aarch64-arm-none-linux-gnueabihf/bin/../arm-none-linux-gnueabihf/libc/usr/lib/crt1.o

.rela.plt
 *(SORT_BY_ALIGNMENT(.rela.plt))

.init           0x00014fec        0xc
 *(SORT_NONE(.init))
 .init          0x00014fec        0x8 /opt/arm-gnu-toolchain-12.3.rel1-aarch64-arm-none-linux-gnueabihf/bin/../arm-none-linux-gnueabihf/libc/usr/lib/crti.o
                0x00014fec                _init
 .init          0x00014ff4        0x4 /opt/arm-gnu-toolchain-12.3.rel1-aarch64-arm-none-linux-gnueabihf/bin/../arm-none-linux-gnueabihf/libc/usr/lib/crtn.o

.plt            0x00014ff8     0x1334
 *(SORT_BY_ALIGNMENT(.plt))
 .plt           0x00014ff8     0x1334 /opt/arm-gnu-toolchain-12.3.rel1-aarch64-arm-none-linux-gnueabihf/bin/../arm-none-linux-gnueabihf/libc/usr/lib/crt1.o
                0x0001500c                fdopen@@GLIBC_2.4
                0x00015018                sched_get_priority_min@@GLIBC_2.4
                0x00015028                fputs_unlocked@@GLIBC_2.4
                0x00015034                strstr@@GLIBC_2.4
                0x00015040                gnu_dev_major@@GLIBC_2.4
                0x0001504c                ether_hostton@@GLIBC_2.4
                0x00015058                raise@@GLIBC_2.4
                0x00015064                cfmakeraw@@GLIBC_2.4
                0x00015070                vasprintf@@GLIBC_2.4
                0x0001507c                sendfile64@@GLIBC_2.4
                0x00015088                gmtime_r@@GLIBC_2.4
                0x00015094                utimensat@@GLIBC_2.6
                0x000150a0                strverscmp@@GLIBC_2.4
                0x000150ac                inet_aton@@GLIBC_2.4
                0x000150b8                fsync@@GLIBC_2.4
                0x000150c4                setitimer@@GLIBC_2.4
                0x000150d4                setbuf@@GLIBC_2.4
                0x000150e0                strcasestr@@GLIBC_2.4
                0x000150ec                __libc_start_main@@GLIBC_2.34
                0x000150fc                strcmp@@GLIBC_2.4
                0x00015108                strtol@@GLIBC_2.4
                0x00015114                setsockopt@@GLIBC_2.4
                0x00015120                strcspn@@GLIBC_2.4
                0x0001512c                times@@GLIBC_2.4
                0x0001513c                gnu_dev_makedev@@GLIBC_2.4
                0x00015148                dprintf@@GLIBC_2.4
                0x00015154                pause@@GLIBC_2.4
                0x00015160                clearenv@@GLIBC_2.4
                0x00015170                printf@@GLIBC_2.4
                0x0001517c                hstrerror@@GLIBC_2.4
                0x00015188                alphasort64@@GLIBC_2.4
                0x00015194                gnu_dev_minor@@GLIBC_2.4
                0x000151a0                __isoc99_fscanf@@GLIBC_2.7
                0x000151ac                getusershell@@GLIBC_2.4
                0x000151b8                regerror@@GLIBC_2.4
                0x000151c4                setrlimit64@@GLIBC_2.4
                0x000151d0                getifaddrs@@GLIBC_2.4
                0x000151dc                read@@GLIBC_2.4
                0x000151e8                tcflush@@GLIBC_2.4
                0x000151f8                mktime@@GLIBC_2.4
                0x00015204                longjmp@@GLIBC_2.4
                0x00015214                fflush@@GLIBC_2.4
                0x00015220                utmpxname@@GLIBC_2.4
                0x0001522c                getuid@@GLIBC_2.4
                0x0001523c                sigprocmask@@GLIBC_2.4
                0x00015248                _setjmp@@GLIBC_2.4
                0x00015258                memmove@@GLIBC_2.4
                0x00015264                lsetxattr@@GLIBC_2.4
                0x00015270                strchrnul@@GLIBC_2.4
                0x00015280                free@@GLIBC_2.4
                0x0001528c                unshare@@GLIBC_2.4
                0x00015298                getresgid@@GLIBC_2.4
                0x000152a4                nanosleep@@GLIBC_2.4
                0x000152b0                fileno_unlocked@@GLIBC_2.4
                0x000152bc                strndup@@GLIBC_2.4
                0x000152c8                inet_pton@@GLIBC_2.4
                0x000152d4                clock_gettime@@GLIBC_2.17
                0x000152e0                _exit@@GLIBC_2.4
                0x000152ec                pututxline@@GLIBC_2.4
                0x000152fc                memcpy@@GLIBC_2.4
                0x00015308                tcsendbreak@@GLIBC_2.4
                0x00015314                pivot_root@@GLIBC_2.4
                0x00015320                execvp@@GLIBC_2.4
                0x0001532c                execlp@@GLIBC_2.4
                0x00015338                mmap64@@GLIBC_2.4
                0x00015344                shmget@@GLIBC_2.4
                0x00015350                lstat64@@GLIBC_2.33
                0x0001535c                signal@@GLIBC_2.4
                0x00015368                time@@GLIBC_2.4
                0x00015374                pow@@GLIBC_2.29
                0x00015384                rmdir@@GLIBC_2.4
                0x00015390                gethostid@@GLIBC_2.4
                0x0001539c                tcsetpgrp@@GLIBC_2.4
                0x000153a8                sendmsg@@GLIBC_2.4
                0x000153b4                ftruncate64@@GLIBC_2.4
                0x000153c4                memcmp@@GLIBC_2.4
                0x000153d0                inet_ntoa@@GLIBC_2.4
                0x000153dc                select@@GLIBC_2.4
                0x000153e8                swapon@@GLIBC_2.4
                0x000153f8                sleep@@GLIBC_2.4
                0x00015404                stpcpy@@GLIBC_2.4
                0x00015410                fputc_unlocked@@GLIBC_2.4
                0x0001541c                freeifaddrs@@GLIBC_2.4
                0x00015428                getc_unlocked@@GLIBC_2.4
                0x00015434                uname@@GLIBC_2.4
                0x00015440                ctime@@GLIBC_2.4
                0x0001544c                removexattr@@GLIBC_2.4
                0x00015458                gethostbyaddr@@GLIBC_2.4
                0x00015464                recvfrom@@GLIBC_2.4
                0x00015470                strdup@@GLIBC_2.4
                0x0001547c                setutxent@@GLIBC_2.4
                0x00015488                syncfs@@GLIBC_2.14
                0x00015494                cfgetispeed@@GLIBC_2.4
                0x000154a4                rewind@@GLIBC_2.4
                0x000154b4                alarm@@GLIBC_2.4
                0x000154c0                msgctl@@GLIBC_2.4
                0x000154cc                stat64@@GLIBC_2.33
                0x000154dc                sysconf@@GLIBC_2.4
                0x000154ec                unlink@@GLIBC_2.4
                0x000154f8                dup2@@GLIBC_2.4
                0x00015504                reboot@@GLIBC_2.4
                0x00015510                getrlimit64@@GLIBC_2.4
                0x0001551c                realloc@@GLIBC_2.4
                0x00015528                killpg@@GLIBC_2.4
                0x00015534                strptime@@GLIBC_2.4
                0x00015540                dup@@GLIBC_2.4
                0x0001554c                socketpair@@GLIBC_2.4
                0x00015558                atoll@@GLIBC_2.4
                0x00015564                getpriority@@GLIBC_2.4
                0x00015570                setns@@GLIBC_2.14
                0x0001557c                sigismember@@GLIBC_2.4
                0x00015588                regexec@@GLIBC_2.4
                0x00015594                wait@@GLIBC_2.4
                0x000155a0                localtime_r@@GLIBC_2.4
                0x000155ac                getlogin_r@@GLIBC_2.4
                0x000155b8                ns_initparse@@GLIBC_2.9
                0x000155c4                shmat@@GLIBC_2.4
                0x000155d0                sigisemptyset@@GLIBC_2.4
                0x000155dc                chdir@@GLIBC_2.4
                0x000155e8                strcasecmp@@GLIBC_2.4
                0x000155f4                getpgrp@@GLIBC_2.4
                0x00015600                geteuid@@GLIBC_2.4
                0x0001560c                unlockpt@@GLIBC_2.4
                0x00015618                strsignal@@GLIBC_2.4
                0x00015624                tzset@@GLIBC_2.4
                0x00015630                poll@@GLIBC_2.4
                0x0001563c                accept@@GLIBC_2.4
                0x00015648                setgroups@@GLIBC_2.4
                0x00015658                cfsetospeed@@GLIBC_2.4
                0x00015664                semop@@GLIBC_2.4
                0x00015670                seteuid@@GLIBC_2.4
                0x0001567c                readlink@@GLIBC_2.4
                0x00015688                getegid@@GLIBC_2.4
                0x00015698                sigaction@@GLIBC_2.4
                0x000156a8                fwrite@@GLIBC_2.4
                0x000156b4                strcat@@GLIBC_2.4
                0x000156c0                getsockopt@@GLIBC_2.4
                0x000156d0                ioctl@@GLIBC_2.4
                0x000156dc                sched_getscheduler@@GLIBC_2.4
                0x000156e8                lseek64@@GLIBC_2.4
                0x000156f4                regfree@@GLIBC_2.4
                0x00015700                strtoll@@GLIBC_2.4
                0x0001570c                capget@@GLIBC_2.4
                0x00015718                usleep@@GLIBC_2.4
                0x00015724                readahead@@GLIBC_2.4
                0x00015730                waitpid@@GLIBC_2.4
                0x0001573c                hasmntopt@@GLIBC_2.4
                0x0001574c                tcsetattr@@GLIBC_2.4
                0x00015758                log@@GLIBC_2.29
                0x00015764                munlock@@GLIBC_2.4
                0x00015770                chroot@@GLIBC_2.4
                0x00015780                strcpy@@GLIBC_2.4
                0x00015790                gettimeofday@@GLIBC_2.4
                0x0001579c                fread@@GLIBC_2.4
                0x000157a8                pread64@@GLIBC_2.4
                0x000157b4                sched_yield@@GLIBC_2.4
                0x000157c0                ptsname_r@@GLIBC_2.4
                0x000157cc                ferror_unlocked@@GLIBC_2.4
                0x000157d8                shmctl@@GLIBC_2.4
                0x000157e4                creat64@@GLIBC_2.4
                0x000157f0                strtok_r@@GLIBC_2.4
                0x000157fc                daemon@@GLIBC_2.4
                0x00015808                getmntent@@GLIBC_2.4
                0x00015814                opendir@@GLIBC_2.4
                0x00015820                umount2@@GLIBC_2.4
                0x0001582c                setxattr@@GLIBC_2.4
                0x00015838                fnmatch@@GLIBC_2.4
                0x00015844                open64@@GLIBC_2.4
                0x00015850                sched_get_priority_max@@GLIBC_2.4
                0x0001585c                getenv@@GLIBC_2.4
                0x00015868                setpriority@@GLIBC_2.4
                0x00015874                mkstemp64@@GLIBC_2.4
                0x00015884                puts@@GLIBC_2.4
                0x00015890                setgid@@GLIBC_2.4
                0x0001589c                sysinfo@@GLIBC_2.4
                0x000158a8                malloc@@GLIBC_2.4
                0x000158b4                settimeofday@@GLIBC_2.4
                0x000158c0                sigaddset@@GLIBC_2.4
                0x000158d0                strerror@@GLIBC_2.4
                0x000158dc                system@@GLIBC_2.4
                0x000158e8                strftime@@GLIBC_2.4
                0x000158f4                tcdrain@@GLIBC_2.4
                0x00015900                __h_errno_location@@GLIBC_2.4
                0x0001590c                adjtimex@@GLIBC_2.4
                0x00015918                localtime@@GLIBC_2.4
                0x00015924                strsep@@GLIBC_2.4
                0x00015930                lremovexattr@@GLIBC_2.4
                0x0001593c                mktemp@@GLIBC_2.4
                0x00015948                closelog@@GLIBC_2.4
                0x00015954                sethostname@@GLIBC_2.4
                0x00015960                dirname@@GLIBC_2.4
                0x00015978                freopen64@@GLIBC_2.4
                0x00015988                mknod@@GLIBC_2.33
                0x00015994                rename@@GLIBC_2.4
                0x000159a0                getopt_long@@GLIBC_2.4
                0x000159b0                kill@@GLIBC_2.4
                0x000159bc                glob64@@GLIBC_2.27
                0x000159c8                getcwd@@GLIBC_2.4
                0x000159d4                getpid@@GLIBC_2.4
                0x000159e0                exit@@GLIBC_2.4
                0x000159ec                syscall@@GLIBC_2.4
                0x000159f8                sin@@GLIBC_2.4
                0x00015a04                flock@@GLIBC_2.4
                0x00015a10                strtoul@@GLIBC_2.4
                0x00015a1c                tcgetpgrp@@GLIBC_2.4
                0x00015a2c                strlen@@GLIBC_2.4
                0x00015a38                getchar_unlocked@@GLIBC_2.4
                0x00015a44                setsid@@GLIBC_2.4
                0x00015a50                vprintf@@GLIBC_2.4
                0x00015a5c                setpgrp@@GLIBC_2.4
                0x00015a68                __libc_current_sigrtmax@@GLIBC_2.4
                0x00015a74                sched_getparam@@GLIBC_2.4
                0x00015a80                strchr@@GLIBC_2.4
                0x00015a8c                srand@@GLIBC_2.4
                0x00015a9c                setenv@@GLIBC_2.4
                0x00015aa8                personality@@GLIBC_2.4
                0x00015ab4                memrchr@@GLIBC_2.4
                0x00015ac0                ttyname_r@@GLIBC_2.4
                0x00015acc                fchown@@GLIBC_2.4
                0x00015ad8                execve@@GLIBC_2.4
                0x00015ae4                nice@@GLIBC_2.4
                0x00015af0                getopt@@GLIBC_2.4
                0x00015b00                fprintf@@GLIBC_2.4
                0x00015b0c                cfsetispeed@@GLIBC_2.4
                0x00015b1c                chown@@GLIBC_2.4
                0x00015b28                ungetc@@GLIBC_2.4
                0x00015b34                grantpt@@GLIBC_2.4
                0x00015b40                execv@@GLIBC_2.4
                0x00015b4c                sqrt@@GLIBC_2.4
                0x00015b58                cfgetospeed@@GLIBC_2.4
                0x00015b64                sigfillset@@GLIBC_2.4
                0x00015b70                __errno_location@@GLIBC_2.4
                0x00015b7c                getservbyname@@GLIBC_2.4
                0x00015b8c                strncasecmp@@GLIBC_2.4
                0x00015b98                klogctl@@GLIBC_2.4
                0x00015ba8                snprintf@@GLIBC_2.4
                0x00015bb4                __isoc99_sscanf@@GLIBC_2.7
                0x00015bc0                mkdir@@GLIBC_2.4
                0x00015bcc                semget@@GLIBC_2.4
                0x00015bd8                bind@@GLIBC_2.4
                0x00015be4                setvbuf@@GLIBC_2.4
                0x00015bf0                getservbyport@@GLIBC_2.4
                0x00015bfc                getgid@@GLIBC_2.4
                0x00015c0c                memset@@GLIBC_2.4
                0x00015c18                getmntent_r@@GLIBC_2.4
                0x00015c24                bsearch@@GLIBC_2.4
                0x00015c30                sigtimedwait@@GLIBC_2.4
                0x00015c3c                utimes@@GLIBC_2.4
                0x00015c48                clock_settime@@GLIBC_2.17
                0x00015c58                strncpy@@GLIBC_2.4
                0x00015c64                mallopt@@GLIBC_2.4
                0x00015c70                sigsuspend@@GLIBC_2.4
                0x00015c7c                strtoull@@GLIBC_2.4
                0x00015c88                ns_get16@@GLIBC_2.9
                0x00015c94                gmtime@@GLIBC_2.4
                0x00015ca0                wait3@@GLIBC_2.4
                0x00015cac                statvfs64@@GLIBC_2.4
                0x00015cb8                prctl@@GLIBC_2.4
                0x00015cc4                strtod@@GLIBC_2.4
                0x00015cd0                stpncpy@@GLIBC_2.4
                0x00015cdc                link@@GLIBC_2.4
                0x00015cec                write@@GLIBC_2.4
                0x00015cf8                sigdelset@@GLIBC_2.4
                0x00015d04                mlock@@GLIBC_2.4
                0x00015d10                asprintf@@GLIBC_2.4
                0x00015d1c                getopt_long_only@@GLIBC_2.4
                0x00015d28                ether_aton_r@@GLIBC_2.4
                0x00015d34                shmdt@@GLIBC_2.4
                0x00015d40                vfork@@GLIBC_2.4
                0x00015d4c                memchr@@GLIBC_2.4
                0x00015d58                sched_setaffinity@@GLIBC_2.4
                0x00015d64                access@@GLIBC_2.4
                0x00015d70                rand@@GLIBC_2.4
                0x00015d7c                setegid@@GLIBC_2.4
                0x00015d8c                fclose@@GLIBC_2.4
                0x00015d98                getsid@@GLIBC_2.4
                0x00015da4                strnlen@@GLIBC_2.4
                0x00015db0                pipe@@GLIBC_2.4
                0x00015dbc                fseeko64@@GLIBC_2.4
                0x00015dc8                endmntent@@GLIBC_2.4
                0x00015dd4                munmap@@GLIBC_2.4
                0x00015de0                posix_fallocate64@@GLIBC_2.4
                0x00015df0                fcntl64@@GLIBC_2.28
                0x00015dfc                semctl@@GLIBC_2.4
                0x00015e0c                sendto@@GLIBC_2.4
                0x00015e18                shutdown@@GLIBC_2.4
                0x00015e28                endutxent@@GLIBC_2.4
                0x00015e34                sigemptyset@@GLIBC_2.4
                0x00015e40                popen@@GLIBC_2.4
                0x00015e4c                getresuid@@GLIBC_2.4
                0x00015e58                ns_name_uncompress@@GLIBC_2.34
                0x00015e64                fork@@GLIBC_2.4
                0x00015e70                res_mkquery@@GLIBC_2.34
                0x00015e7c                execle@@GLIBC_2.4
                0x00015e8c                putenv@@GLIBC_2.4
                0x00015e98                getnameinfo@@GLIBC_2.4
                0x00015ea4                execl@@GLIBC_2.4
                0x00015eb0                strrchr@@GLIBC_2.4
                0x00015ebc                listen@@GLIBC_2.4
                0x00015ec8                vfprintf@@GLIBC_2.4
                0x00015ed4                ns_parserr@@GLIBC_2.9
                0x00015ee0                statfs64@@GLIBC_2.4
                0x00015eec                __sigsetjmp@@GLIBC_2.4
                0x00015ef8                lchown@@GLIBC_2.4
                0x00015f04                fputc@@GLIBC_2.4
                0x00015f10                globfree64@@GLIBC_2.4
                0x00015f1c                syslog@@GLIBC_2.4
                0x00015f28                setresuid@@GLIBC_2.4
                0x00015f34                symlink@@GLIBC_2.4
                0x00015f40                updwtmpx@@GLIBC_2.4
                0x00015f4c                setuid@@GLIBC_2.4
                0x00015f58                setpgid@@GLIBC_2.4
                0x00015f64                clearerr@@GLIBC_2.4
                0x00015f74                sprintf@@GLIBC_2.4
                0x00015f80                readdir64@@GLIBC_2.4
                0x00015f8c                mkdtemp@@GLIBC_2.4
                0x00015f98                timegm@@GLIBC_2.4
                0x00015fa4                openlog@@GLIBC_2.4
                0x00015fb0                futimens@@GLIBC_2.6
                0x00015fbc                regcomp@@GLIBC_2.4
                0x00015fc8                getgroups@@GLIBC_2.4
                0x00015fd4                getsockname@@GLIBC_2.4
                0x00015fe0                __isoc99_scanf@@GLIBC_2.7
                0x00015fec                vsnprintf@@GLIBC_2.4
                0x00015ff8                getppid@@GLIBC_2.4
                0x00016008                atoi@@GLIBC_2.4
                0x00016014                recvmsg@@GLIBC_2.4
                0x00016020                fchdir@@GLIBC_2.4
                0x00016030                fopen64@@GLIBC_2.4
                0x00016040                qsort@@GLIBC_2.4
                0x0001604c                getpeername@@GLIBC_2.4
                0x00016058                strpbrk@@GLIBC_2.4
                0x00016064                msgget@@GLIBC_2.4
                0x00016070                freeaddrinfo@@GLIBC_2.4
                0x0001607c                getaddrinfo@@GLIBC_2.4
                0x00016088                acct@@GLIBC_2.4
                0x00016094                capset@@GLIBC_2.4
                0x000160a4                inet_ntop@@GLIBC_2.4
                0x000160b0                fgets_unlocked@@GLIBC_2.4
                0x000160bc                socket@@GLIBC_2.4
                0x000160c8                sched_getaffinity@@GLIBC_2.4
                0x000160d4                setmntent@@GLIBC_2.4
                0x000160e0                ns_get32@@GLIBC_2.9
                0x000160ec                fstat64@@GLIBC_2.33
                0x000160f8                cfsetspeed@@GLIBC_2.4
                0x00016104                atof@@GLIBC_2.4
                0x00016110                getrandom@@GLIBC_2.25
                0x0001611c                __cmsg_nxthdr@@GLIBC_2.4
                0x0001612c                sync@@GLIBC_2.4
                0x00016138                getline@@GLIBC_2.4
                0x00016144                __libc_current_sigrtmin@@GLIBC_2.4
                0x00016150                if_nametoindex@@GLIBC_2.4
                0x00016160                umask@@GLIBC_2.4
                0x0001616c                swapoff@@GLIBC_2.4
                0x00016178                chmod@@GLIBC_2.4
                0x00016184                scandir64@@GLIBC_2.4
                0x00016190                gethostbyname@@GLIBC_2.4
                0x0001619c                isatty@@GLIBC_2.4
                0x000161a8                unsetenv@@GLIBC_2.4
                0x000161b4                fputs@@GLIBC_2.4
                0x000161c4                strncmp@@GLIBC_2.4
                0x000161d0                fdatasync@@GLIBC_2.4
                0x000161dc                abort@@GLIBC_2.4
                0x000161e8                feof_unlocked@@GLIBC_2.4
                0x000161f4                getutxent@@GLIBC_2.4
                0x00016204                recv@@GLIBC_2.4
                0x00016214                realpath@@GLIBC_2.4
                0x00016220                siglongjmp@@GLIBC_2.4
                0x00016230                close@@GLIBC_2.4
                0x0001623c                setresgid@@GLIBC_2.4
                0x00016248                mkfifo@@GLIBC_2.4
                0x00016254                send@@GLIBC_2.4
                0x00016260                connect@@GLIBC_2.4
                0x00016270                closedir@@GLIBC_2.4
                0x0001627c                div@@GLIBC_2.4
                0x00016288                exp@@GLIBC_2.29
                0x00016294                atan2@@GLIBC_2.4
                0x000162a0                sched_setscheduler@@GLIBC_2.4
                0x000162b0                putchar_unlocked@@GLIBC_2.4
                0x000162bc                strspn@@GLIBC_2.4
                0x000162c8                fchmod@@GLIBC_2.4
                0x000162d4                cos@@GLIBC_2.4
                0x000162e0                tcgetattr@@GLIBC_2.4
                0x000162f0                putc_unlocked@@GLIBC_2.4
                0x000162fc                tcgetsid@@GLIBC_2.4
                0x00016308                ftello64@@GLIBC_2.4
                0x00016314                pclose@@GLIBC_2.4
                0x00016320                mount@@GLIBC_2.4

.iplt           0x0001632c        0x0
 *(SORT_BY_ALIGNMENT(.iplt))
 .iplt          0x0001632c        0x0 /opt/arm-gnu-toolchain-12.3.rel1-aarch64-arm-none-linux-gnueabihf/bin/../arm-none-linux-gnueabihf/libc/usr/lib/crt1.o

.text           0x00016330    0x8caa2
 *(SORT_BY_ALIGNMENT(.text.unlikely) SORT_BY_ALIGNMENT(.text.*_unlikely) SORT_BY_ALIGNMENT(.text.unlikely.*))
 *(SORT_BY_ALIGNMENT(.text.exit) SORT_BY_ALIGNMENT(.text.exit.*))
 *(SORT_BY_ALIGNMENT(.text.startup) SORT_BY_ALIGNMENT(.text.startup.*))
 *(SORT_BY_ALIGNMENT(.text.hot) SORT_BY_ALIGNMENT(.text.hot.*))
 *(SORT_BY_NAME(SORT_BY_ALIGNMENT(.text.sorted.*)))
 *(SORT_BY_ALIGNMENT(.text) SORT_BY_ALIGNMENT(.stub) SORT_BY_ALIGNMENT(.text.*) SORT_BY_ALIGNMENT(.gnu.linkonce.t.*))
 .text.identify
                0x00016330      0xe7c miscutils/lib.a(hdparm.o)
 *fill*         0x000171ac        0x4 
 .text.brctl_main
                0x000171b0      0x538 networking/lib.a(brctl.o)
                0x000171b0                brctl_main
 .text.nbdclient_main
                0x000176e8      0x358 networking/lib.a(nbd-client.o)
                0x000176e8                nbdclient_main
 .text.filter_datapoints
                0x00017a40       0xcc networking/lib.a(ntpd.o)
 *fill*         0x00017b0c        0x4 
 .text.d_to_lfp
                0x00017b10       0x38 networking/lib.a(ntpd.o)
 .text.lfp_to_d
                0x00017b48       0x38 networking/lib.a(ntpd.o)
 .text.d_to_sfp
                0x00017b80       0x38 networking/lib.a(ntpd.o)
 .text.sfp_to_d
                0x00017bb8       0x38 networking/lib.a(ntpd.o)
 .text.select_and_cluster
                0x00017bf0      0x3c4 networking/lib.a(ntpd.o)
 *fill*         0x00017fb4        0x4 
 .text.gettime1900d
                0x00017fb8       0x4c networking/lib.a(ntpd.o)
 *fill*         0x00018004        0x4 
 .text.ntp_init
                0x00018008      0x308 networking/lib.a(ntpd.o)
 .text.step_time
                0x00018310      0x184 networking/lib.a(ntpd.o)
 *fill*         0x00018494        0x4 
 .text.update_local_clock
                0x00018498      0x28c networking/lib.a(ntpd.o)
 *fill*         0x00018724        0x4 
 .text.recv_and_process_peer_pkt
                0x00018728      0x304 networking/lib.a(ntpd.o)
 *fill*         0x00018a2c        0x4 
 .text.ntpd_main
                0x00018a30      0x3e0 networking/lib.a(ntpd.o)
                0x00018a30                ntpd_main
 .text.common_ping_main.isra.0
                0x00018e10      0x5b4 networking/lib.a(ping.o)
 *fill*         0x000193c4        0x4 
 .text.cbq_print_opt.isra.0
                0x000193c8      0x194 networking/lib.a(tc.o)
 *fill*         0x0001955c        0x4 
 .text.iostat_main
                0x00019560      0x708 procps/lib.a(iostat.o)
                0x00019560                iostat_main
 .text.write_stats_core
                0x00019c68      0x4f4 procps/lib.a(mpstat.o)
 *fill*         0x0001a15c        0x4 
 .text.powertop_main
                0x0001a160      0x4cc procps/lib.a(powertop.o)
                0x0001a160                powertop_main
 *fill*         0x0001a62c        0x4 
 .text.handle_input
                0x0001a630      0x1f0 procps/lib.a(top.o)
 .text.top_main
                0x0001a820      0x300 procps/lib.a(top.o)
                0x0001a820                top_main
 .text.showmode
                0x0001ab20      0x114 util-linux/lib.a(fbset.o)
 *fill*         0x0001ac34        0x4 
 .text.script_main
                0x0001ac38      0x310 util-linux/lib.a(script.o)
                0x0001ac38                script_main
 .text.scriptreplay_main
                0x0001af48       0x98 util-linux/lib.a(scriptreplay.o)
                0x0001af48                scriptreplay_main
 .text.dd_output_status
                0x0001afe0       0xe4 coreutils/lib.a(dd.o)
 *fill*         0x0001b0c4        0x4 
 .text.evaluate
                0x0001b0c8      0xb18 editors/lib.a(awk.o)
 .text.cmp_main
                0x0001bbe0      0x1f4 editors/lib.a(cmp.o)
                0x0001bbe0                cmp_main
 *fill*         0x0001bdd4        0x4 
 .text.bootchartd_main
                0x0001bdd8      0x3b0 init/lib.a(bootchartd.o)
                0x0001bdd8                bootchartd_main
 .text.sleep_for_duration
                0x0001c188       0x68 libbb/lib.a(duration.o)
                0x0001c188                sleep_for_duration
 .text          0x0001c1f0      0x278 /opt/arm-gnu-toolchain-12.3.rel1-aarch64-arm-none-linux-gnueabihf/bin/../lib/gcc/arm-none-linux-gnueabihf/12.3.1/libgcc.a(_udivsi3.o)
                0x0001c1f0                __aeabi_uidiv
                0x0001c1f0                __udivsi3
                0x0001c44c                __aeabi_uidivmod
 .text          0x0001c468      0x2b0 /opt/arm-gnu-toolchain-12.3.rel1-aarch64-arm-none-linux-gnueabihf/bin/../lib/gcc/arm-none-linux-gnueabihf/12.3.1/libgcc.a(_divsi3.o)
                0x0001c468                __divsi3
                0x0001c468                __aeabi_idiv
                0x0001c6fc                __aeabi_idivmod
 .text          0x0001c718       0x40 /opt/arm-gnu-toolchain-12.3.rel1-aarch64-arm-none-linux-gnueabihf/bin/../lib/gcc/arm-none-linux-gnueabihf/12.3.1/libgcc.a(_fixunsdfdi.o)
                0x0001c718                __aeabi_d2ulz
                0x0001c718                __fixunsdfdi
 .text          0x0001c758       0x34 /opt/arm-gnu-toolchain-12.3.rel1-aarch64-arm-none-linux-gnueabihf/bin/../arm-none-linux-gnueabihf/libc/usr/lib/crt1.o
                0x0001c758                _start
 .text          0x0001c78c       0x24 /opt/arm-gnu-toolchain-12.3.rel1-aarch64-arm-none-linux-gnueabihf/bin/../arm-none-linux-gnueabihf/libc/usr/lib/crti.o
 .text          0x0001c7b0       0x6c /opt/arm-gnu-toolchain-12.3.rel1-aarch64-arm-none-linux-gnueabihf/bin/../lib/gcc/arm-none-linux-gnueabihf/12.3.1/crtbegin.o
 .text.find_applet_by_name
                0x0001c81c       0x68 libbb/lib.a(appletlib.o)
                0x0001c81c                find_applet_by_name
 .text.bb_show_usage
                0x0001c884       0x94 libbb/lib.a(appletlib.o)
                0x0001c884                bb_show_usage
 .text.scripted_main
                0x0001c918       0x24 libbb/lib.a(appletlib.o)
                0x0001c918                scripted_main
 .text.parse_config_file
                0x0001c93c      0x1f4 libbb/lib.a(appletlib.o)
 .text.lbb_prepare
                0x0001cb30       0x1c libbb/lib.a(appletlib.o)
                0x0001cb30                lbb_prepare
 .text.get_script_content
                0x0001cb4c       0x2c libbb/lib.a(appletlib.o)
                0x0001cb4c                get_script_content
 .text.show_usage_if_dash_dash_help
                0x0001cb78       0x40 libbb/lib.a(appletlib.o)
                0x0001cb78                show_usage_if_dash_dash_help
 .text.run_applet_no_and_exit
                0x0001cbb8      0x158 libbb/lib.a(appletlib.o)
                0x0001cbb8                run_applet_no_and_exit
 .text.run_applet_and_exit
                0x0001cd10      0x29c libbb/lib.a(appletlib.o)
 .text.main     0x0001cfac       0x50 libbb/lib.a(appletlib.o)
                0x0001cfac                main
 .text.concat_path_file
                0x0001cffc       0x44 libbb/lib.a(concat_path_file.o)
                0x0001cffc                concat_path_file
 .text.bb_perror_msg
                0x0001d040       0x30 libbb/lib.a(perror_msg.o)
                0x0001d040                bb_perror_msg
 .text.bb_perror_msg_and_die
                0x0001d070       0x2c libbb/lib.a(perror_msg.o)
                0x0001d070                bb_perror_msg_and_die
 .text.bb_simple_perror_msg
                0x0001d09c        0xc libbb/lib.a(perror_msg.o)
                0x0001d09c                bb_simple_perror_msg
 .text.bb_simple_perror_msg_and_die
                0x0001d0a8       0x10 libbb/lib.a(perror_msg.o)
                0x0001d0a8                bb_simple_perror_msg_and_die
 .text.skip_dev_pfx
                0x0001d0b8       0x18 libbb/lib.a(skip_whitespace.o)
                0x0001d0b8                skip_dev_pfx
 .text.bb_verror_msg
                0x0001d0d0      0x160 libbb/lib.a(verror_msg.o)
                0x0001d0d0                bb_verror_msg
 .text.bb_vinfo_msg
                0x0001d230       0x18 libbb/lib.a(verror_msg.o)
                0x0001d230                bb_vinfo_msg
 .text.bb_simple_info_msg
                0x0001d248        0xc libbb/lib.a(verror_msg.o)
                0x0001d248                bb_simple_info_msg
 .text.bb_simple_error_msg
                0x0001d254        0xc libbb/lib.a(verror_msg.o)
                0x0001d254                bb_simple_error_msg
 .text.bb_simple_error_msg_and_die
                0x0001d260       0x10 libbb/lib.a(verror_msg.o)
                0x0001d260                bb_simple_error_msg_and_die
 .text.xfdopen_helper
                0x0001d270       0x28 libbb/lib.a(wfopen.o)
 .text.fopen_for_read
                0x0001d298        0xc libbb/lib.a(wfopen.o)
                0x0001d298                fopen_for_read
 .text.xfopen_for_read
                0x0001d2a4        0xc libbb/lib.a(wfopen.o)
                0x0001d2a4                xfopen_for_read
 .text.fopen_for_write
                0x0001d2b0        0xc libbb/lib.a(wfopen.o)
                0x0001d2b0                fopen_for_write
 .text.xfopen_for_write
                0x0001d2bc        0xc libbb/lib.a(wfopen.o)
                0x0001d2bc                xfopen_for_write
 .text.xfunc_die
                0x0001d2c8       0x1c libbb/lib.a(xfunc_die.o)
                0x0001d2c8                xfunc_die
 .text.utoa_to_buf
                0x0001d2e4       0x58 libbb/lib.a(xfuncs.o)
                0x0001d2e4                utoa_to_buf
 .text.utoa     0x0001d33c       0x18 libbb/lib.a(xfuncs.o)
                0x0001d33c                utoa
 .text.itoa     0x0001d354       0x18 libbb/lib.a(xfuncs.o)
                0x0001d354                itoa
 .text.bin2hex  0x0001d36c       0x38 libbb/lib.a(xfuncs.o)
                0x0001d36c                bin2hex
 .text.hex2bin  0x0001d3a4       0x90 libbb/lib.a(xfuncs.o)
                0x0001d3a4                hex2bin
 .text.get_terminal_width_height
                0x0001d434       0xd8 libbb/lib.a(xfuncs.o)
                0x0001d434                get_terminal_width_height
 .text.is_TERM_dumb
                0x0001d50c       0x20 libbb/lib.a(xfuncs.o)
                0x0001d50c                is_TERM_dumb
 .text.safe_waitpid
                0x0001d52c       0x28 libbb/lib.a(xfuncs.o)
                0x0001d52c                safe_waitpid
 .text.bb_die_memory_exhausted
                0x0001d554        0xc libbb/lib.a(xfuncs_printf.o)
                0x0001d554                bb_die_memory_exhausted
 .text.malloc_or_warn
                0x0001d560       0x1c libbb/lib.a(xfuncs_printf.o)
                0x0001d560                malloc_or_warn
 .text.xfopen   0x0001d57c       0x18 libbb/lib.a(xfuncs_printf.o)
                0x0001d57c                xfopen
 .text.xopen3   0x0001d594       0x1c libbb/lib.a(xfuncs_printf.o)
                0x0001d594                xopen3
 .text.open3_or_warn
                0x0001d5b0       0x1c libbb/lib.a(xfuncs_printf.o)
                0x0001d5b0                open3_or_warn
 .text.xunlink  0x0001d5cc       0x18 libbb/lib.a(xfuncs_printf.o)
                0x0001d5cc                xunlink
 .text.xrename  0x0001d5e4       0x1c libbb/lib.a(xfuncs_printf.o)
                0x0001d5e4                xrename
 .text.rename_or_warn
                0x0001d600       0x20 libbb/lib.a(xfuncs_printf.o)
                0x0001d600                rename_or_warn
 .text.xpipe    0x0001d620       0x14 libbb/lib.a(xfuncs_printf.o)
                0x0001d620                xpipe
 .text.xdup2    0x0001d634       0x18 libbb/lib.a(xfuncs_printf.o)
                0x0001d634                xdup2
 .text.xwrite   0x0001d64c       0x28 libbb/lib.a(xfuncs_printf.o)
                0x0001d64c                xwrite
 .text.xclose   0x0001d674       0x14 libbb/lib.a(xfuncs_printf.o)
                0x0001d674                xclose
 .text.xlseek   0x0001d688       0x30 libbb/lib.a(xfuncs_printf.o)
                0x0001d688                xlseek
 .text.xmkstemp
                0x0001d6b8       0x1c libbb/lib.a(xfuncs_printf.o)
                0x0001d6b8                xmkstemp
 .text.die_if_ferror
                0x0001d6d4       0x18 libbb/lib.a(xfuncs_printf.o)
                0x0001d6d4                die_if_ferror
 .text.die_if_ferror_stdout
                0x0001d6ec       0x14 libbb/lib.a(xfuncs_printf.o)
                0x0001d6ec                die_if_ferror_stdout
 .text.fputs_stdout
                0x0001d700        0xc libbb/lib.a(xfuncs_printf.o)
                0x0001d700                fputs_stdout
 .text.xsetgid  0x0001d70c       0x14 libbb/lib.a(xfuncs_printf.o)
                0x0001d70c                xsetgid
 .text.xsetuid  0x0001d720       0x14 libbb/lib.a(xfuncs_printf.o)
                0x0001d720                xsetuid
 .text.xsetegid
                0x0001d734       0x14 libbb/lib.a(xfuncs_printf.o)
                0x0001d734                xsetegid
 .text.xseteuid
                0x0001d748       0x14 libbb/lib.a(xfuncs_printf.o)
                0x0001d748                xseteuid
 .text.chdir_or_warn
                0x0001d75c       0x1c libbb/lib.a(xfuncs_printf.o)
                0x0001d75c                chdir_or_warn
 .text.xfchdir  0x0001d778       0x14 libbb/lib.a(xfuncs_printf.o)
                0x0001d778                xfchdir
 .text.xchroot  0x0001d78c       0x24 libbb/lib.a(xfuncs_printf.o)
                0x0001d78c                xchroot
 .text.warn_opendir
                0x0001d7b0       0x1c libbb/lib.a(xfuncs_printf.o)
                0x0001d7b0                warn_opendir
 .text.xopendir
                0x0001d7cc       0x18 libbb/lib.a(xfuncs_printf.o)
                0x0001d7cc                xopendir
 .text.xsocket  0x0001d7e4       0x18 libbb/lib.a(xfuncs_printf.o)
                0x0001d7e4                xsocket
 .text.xbind    0x0001d7fc       0x14 libbb/lib.a(xfuncs_printf.o)
                0x0001d7fc                xbind
 .text.xlisten  0x0001d810       0x14 libbb/lib.a(xfuncs_printf.o)
                0x0001d810                xlisten
 .text.xsendto  0x0001d824       0x20 libbb/lib.a(xfuncs_printf.o)
                0x0001d824                xsendto
 .text.xstat    0x0001d844       0x18 libbb/lib.a(xfuncs_printf.o)
                0x0001d844                xstat
 .text.ioctl_or_perror_and_die
                0x0001d85c       0x38 libbb/lib.a(xfuncs_printf.o)
                0x0001d85c                ioctl_or_perror_and_die
 .text.ioctl_or_perror
                0x0001d894       0x34 libbb/lib.a(xfuncs_printf.o)
                0x0001d894                ioctl_or_perror
 .text.generate_uuid
                0x0001d8c8       0x60 libbb/lib.a(xfuncs_printf.o)
                0x0001d8c8                generate_uuid
 .text.xfork    0x0001d928       0x18 libbb/lib.a(xfuncs_printf.o)
                0x0001d928                xfork
 .text.wait_for_exitstatus
                0x0001d940       0x20 libbb/lib.a(xfuncs_printf.o)
                0x0001d940                wait_for_exitstatus
 .text.xvfork_parent_waits_and_exits
                0x0001d960       0x3c libbb/lib.a(xfuncs_printf.o)
                0x0001d960                xvfork_parent_waits_and_exits
 .text.xsettimeofday
                0x0001d99c       0x18 libbb/lib.a(xfuncs_printf.o)
                0x0001d99c                xsettimeofday
 .text.xmalloc_follow_symlinks
                0x0001d9b4       0x78 libbb/lib.a(xreadlink.o)
                0x0001d9b4                xmalloc_follow_symlinks
 .text.xmalloc_readlink_or_warn
                0x0001da2c       0x38 libbb/lib.a(xreadlink.o)
                0x0001da2c                xmalloc_readlink_or_warn
 .text.xmalloc_realpath_coreutils
                0x0001da64      0x100 libbb/lib.a(xreadlink.o)
                0x0001da64                xmalloc_realpath_coreutils
 .text.bb_full_fd_action
                0x0001db64      0x100 libbb/lib.a(copyfd.o)
 .text.bb_copyfd_exact_size
                0x0001dc64       0x3c libbb/lib.a(copyfd.o)
                0x0001dc64                bb_copyfd_exact_size
 .text.safe_read
                0x0001dca0       0x34 libbb/lib.a(read.o)
                0x0001dca0                safe_read
 .text.safe_write
                0x0001dcd4       0x34 libbb/lib.a(safe_write.o)
                0x0001dcd4                safe_write
 .text.record_signo
                0x0001dd08        0xc libbb/lib.a(signals.o)
                0x0001dd08                record_signo
 .text.get_mono
                0x0001dd14       0x18 libbb/lib.a(time.o)
 .text.parse_datestr
                0x0001dd2c      0x254 libbb/lib.a(time.o)
                0x0001dd2c                parse_datestr
 .text.validate_tm_time
                0x0001df80       0x1c libbb/lib.a(time.o)
                0x0001df80                validate_tm_time
 .text.strftime_HHMMSS
                0x0001df9c       0x2c libbb/lib.a(time.o)
                0x0001df9c                strftime_HHMMSS
 .text.strftime_YYYYMMDDHHMMSS
                0x0001dfc8       0x2c libbb/lib.a(time.o)
                0x0001dfc8                strftime_YYYYMMDDHHMMSS
 .text.monotonic_us
                0x0001dff4       0x30 libbb/lib.a(time.o)
                0x0001dff4                monotonic_us
 .text.monotonic_ms
                0x0001e024       0x2c libbb/lib.a(time.o)
                0x0001e024                monotonic_ms
 .text.xrealloc_getcwd_or_warn
                0x0001e050       0x50 libbb/lib.a(xgetcwd.o)
                0x0001e050                xrealloc_getcwd_or_warn
 .text.handle_errors.isra.0
                0x0001e0a0       0x38 libbb/lib.a(bb_strtonum.o)
 .text.bb_strtoull
                0x0001e0d8       0x48 libbb/lib.a(bb_strtonum.o)
                0x0001e0d8                bb_strtoull
 .text.bb_strtoll
                0x0001e120       0x50 libbb/lib.a(bb_strtonum.o)
                0x0001e120                bb_strtoll
 .text.bb_strtoul
                0x0001e170       0x48 libbb/lib.a(bb_strtonum.o)
                0x0001e170                bb_strtoul
 .text.bb_strtol
                0x0001e1b8       0x50 libbb/lib.a(bb_strtonum.o)
                0x0001e1b8                bb_strtol
 .text.get_S    0x0001e208       0x7c libpwdgrp/lib.a(pwd_grp.o)
 .text.tokenize
                0x0001e284       0x74 libpwdgrp/lib.a(pwd_grp.o)
 .text.parse_common
                0x0001e2f8       0xac libpwdgrp/lib.a(pwd_grp.o)
 .text.convert_to_struct
                0x0001e3a4       0xe0 libpwdgrp/lib.a(pwd_grp.o)
 .text.massage_data_for_r_func
                0x0001e484       0x5c libpwdgrp/lib.a(pwd_grp.o)
 .text.massage_data_for_non_r_func
                0x0001e4e0       0x48 libpwdgrp/lib.a(pwd_grp.o)
 .text.getgrouplist_internal
                0x0001e528       0xa4 libpwdgrp/lib.a(pwd_grp.o)
 .text.bb_internal_endpwent
                0x0001e5cc       0x1c libpwdgrp/lib.a(pwd_grp.o)
                0x0001e5cc                bb_internal_endpwent
 .text.bb_internal_setpwent
                0x0001e5e8       0x14 libpwdgrp/lib.a(pwd_grp.o)
                0x0001e5e8                bb_internal_setpwent
 .text.bb_internal_endgrent
                0x0001e5fc       0x1c libpwdgrp/lib.a(pwd_grp.o)
                0x0001e5fc                bb_internal_endgrent
 .text.get_uidgid
                0x0001e618       0x9c libpwdgrp/lib.a(uidgid_get.o)
                0x0001e618                get_uidgid
 .text.xget_uidgid
                0x0001e6b4       0x18 libpwdgrp/lib.a(uidgid_get.o)
                0x0001e6b4                xget_uidgid
 .text.parse_chown_usergroup_or_die
                0x0001e6cc       0x60 libpwdgrp/lib.a(uidgid_get.o)
                0x0001e6cc                parse_chown_usergroup_or_die
 .text.add_remove_shell_main
                0x0001e72c       0xf4 loginutils/lib.a(add-remove-shell.o)
                0x0001e72c                add_remove_shell_main
 .text.addgroup_main
                0x0001e820      0x16c loginutils/lib.a(addgroup.o)
                0x0001e820                addgroup_main
 .text.addgroup_wrapper
                0x0001e98c       0x48 loginutils/lib.a(adduser.o)
 .text.adduser_main
                0x0001e9d4      0x2b8 loginutils/lib.a(adduser.o)
                0x0001e9d4                adduser_main
 .text.chpasswd_main
                0x0001ec8c      0x120 loginutils/lib.a(chpasswd.o)
                0x0001ec8c                chpasswd_main
 .text.cryptpw_main
                0x0001edac       0xac loginutils/lib.a(cryptpw.o)
                0x0001edac                cryptpw_main
 .text.deluser_main
                0x0001ee58      0x130 loginutils/lib.a(deluser.o)
                0x0001ee58                deluser_main
 .text.set_tty_attrs
                0x0001ef88       0x20 loginutils/lib.a(getty.o)
 .text.finalize_tty_attrs
                0x0001efa8       0x60 loginutils/lib.a(getty.o)
 .text.getty_main
                0x0001f008      0x518 loginutils/lib.a(getty.o)
                0x0001f008                getty_main
 .text.alarm_handler
                0x0001f520       0x30 loginutils/lib.a(login.o)
 .text.login_main
                0x0001f550      0x370 loginutils/lib.a(login.o)
                0x0001f550                login_main
 .text.passwd_main
                0x0001f8c0      0x2dc loginutils/lib.a(passwd.o)
                0x0001f8c0                passwd_main
 .text.su_main  0x0001fb9c      0x188 loginutils/lib.a(su.o)
                0x0001fb9c                su_main
 .text.sulogin_main
                0x0001fd24      0x114 loginutils/lib.a(sulogin.o)
                0x0001fd24                sulogin_main
 .text.release_vt
                0x0001fe38       0x18 loginutils/lib.a(vlock.o)
 .text.vlock_main
                0x0001fe50      0x138 loginutils/lib.a(vlock.o)
                0x0001fe50                vlock_main
 .text.makemime_main
                0x0001ff88      0x110 mailutils/lib.a(makemime.o)
                0x0001ff88                makemime_main
 .text.pop3_checkr
                0x00020098       0x64 mailutils/lib.a(popmaildir.o)
 .text.popmaildir_main
                0x000200fc      0x290 mailutils/lib.a(popmaildir.o)
                0x000200fc                popmaildir_main
 .text.parse    0x0002038c      0x2ec mailutils/lib.a(reformime.o)
 .text.reformime_main
                0x00020678       0x60 mailutils/lib.a(reformime.o)
                0x00020678                reformime_main
 .text.smtp_checkp
                0x000206d8       0x94 mailutils/lib.a(sendmail.o)
 .text.rcptto   0x0002076c       0x30 mailutils/lib.a(sendmail.o)
 .text.sane_address
                0x0002079c       0x48 mailutils/lib.a(sendmail.o)
 .text.sendmail_main
                0x000207e4      0x43c mailutils/lib.a(sendmail.o)
                0x000207e4                sendmail_main
 .text.signal_handler
                0x00020c20       0x60 mailutils/lib.a(mail.o)
 .text.encode_n_base64
                0x00020c80       0xcc mailutils/lib.a(mail.o)
 .text.launch_helper
                0x00020d4c       0x94 mailutils/lib.a(mail.o)
                0x00020d4c                launch_helper
 .text.send_r_n
                0x00020de0       0x2c mailutils/lib.a(mail.o)
                0x00020de0                send_r_n
 .text.send_mail_command
                0x00020e0c       0x30 mailutils/lib.a(mail.o)
                0x00020e0c                send_mail_command
 .text.get_cred_or_die
                0x00020e3c       0x60 mailutils/lib.a(mail.o)
                0x00020e3c                get_cred_or_die
 .text.adjtimex_main
                0x00020e9c      0x134 miscutils/lib.a(adjtimex.o)
                0x00020e9c                adjtimex_main
 .text.ascii_main
                0x00020fd0       0xa4 miscutils/lib.a(ascii.o)
                0x00020fd0                ascii_main
 .text.xc_program_func
                0x00021074       0x18 miscutils/lib.a(bc.o)
 .text.bc_program_current_func
                0x0002108c       0x1c miscutils/lib.a(bc.o)
 .text.xc_program_str
                0x000210a8       0x34 miscutils/lib.a(bc.o)
 .text.xc_lex_lineComment
                0x000210dc       0x20 miscutils/lib.a(bc.o)
 .text.xc_lex_whitespace
                0x000210fc       0x28 miscutils/lib.a(bc.o)
 .text.parse_lex_by_checking_eq_sign
                0x00021124       0x1c miscutils/lib.a(bc.o)
 .text.xc_program_reset
                0x00021140       0x34 miscutils/lib.a(bc.o)
 .text.rewrite_label_to_current
                0x00021174       0x18 miscutils/lib.a(bc.o)
 .text.bc_func_init
                0x0002118c       0x48 miscutils/lib.a(bc.o)
 .text.xc_parse_create
                0x000211d4       0x50 miscutils/lib.a(bc.o)
 .text.xc_parse_free
                0x00021224       0x30 miscutils/lib.a(bc.o)
 .text.xc_program_add_fn
                0x00021254       0x20 miscutils/lib.a(bc.o)
 .text.bc_array_expand
                0x00021274       0x44 miscutils/lib.a(bc.o)
 .text.bc_array_init
                0x000212b8       0x28 miscutils/lib.a(bc.o)
 .text.bc_num_ulong2num
                0x000212e0       0x40 miscutils/lib.a(bc.o)
 .text.bc_args  0x00021320       0x80 miscutils/lib.a(bc.o)
 .text.bc_verror_msg
                0x000213a0       0x50 miscutils/lib.a(bc.o)
 .text.zbc_posix_error_fmt
                0x000213f0       0x44 miscutils/lib.a(bc.o)
 .text.bc_error_fmt
                0x00021434       0x30 miscutils/lib.a(bc.o)
 .text.bc_error
                0x00021464        0xc miscutils/lib.a(bc.o)
 .text.zbc_func_insert
                0x00021470       0x5c miscutils/lib.a(bc.o)
 .text.bc_error_variable_is_wrong_type
                0x000214cc        0xc miscutils/lib.a(bc.o)
 .text.zbc_num_ulong_abs
                0x000214d8       0x38 miscutils/lib.a(bc.o)
 .text.zbc_num_ulong
                0x00021510       0x14 miscutils/lib.a(bc.o)
 .text.bc_error_stack_has_too_few_elements
                0x00021524        0xc miscutils/lib.a(bc.o)
 .text.bad_input_byte
                0x00021530       0x2c miscutils/lib.a(bc.o)
 .text.bc_error_bad_character
                0x0002155c       0x18 miscutils/lib.a(bc.o)
 .text.xc_parse_pushName
                0x00021574       0x30 miscutils/lib.a(bc.o)
 .text.zbc_num_a
                0x000215a4      0x110 miscutils/lib.a(bc.o)
 .text.zbc_num_mul
                0x000216b4       0x24 miscutils/lib.a(bc.o)
 .text.zbc_num_sub
                0x000216d8       0x44 miscutils/lib.a(bc.o)
 .text.zbc_num_div
                0x0002171c       0x24 miscutils/lib.a(bc.o)
 .text.zbc_num_mod
                0x00021740       0x24 miscutils/lib.a(bc.o)
 .text.zbc_num_pow
                0x00021764       0x1c miscutils/lib.a(bc.o)
 .text.fflush_and_check
                0x00021780       0x30 miscutils/lib.a(bc.o)
 .text.quit     0x000217b0       0x28 miscutils/lib.a(bc.o)
 .text.bc_error_at
                0x000217d8       0x3c miscutils/lib.a(bc.o)
 .text.bc_error_bad_expression
                0x00021814        0xc miscutils/lib.a(bc.o)
 .text.bc_error_bad_token
                0x00021820        0xc miscutils/lib.a(bc.o)
 .text.bc_num_printNewline
                0x0002182c       0x2c miscutils/lib.a(bc.o)
 .text.bc_num_printHex
                0x00021858       0x40 miscutils/lib.a(bc.o)
 .text.bc_num_printDigits
                0x00021898       0x84 miscutils/lib.a(bc.o)
 .text.dc_num_printChar
                0x0002191c       0x20 miscutils/lib.a(bc.o)
 .text.xc_program_dereference.isra.0
                0x0002193c       0x38 miscutils/lib.a(bc.o)
 .text.bc_vec_pushZeroByte.isra.0
                0x00021974        0xc miscutils/lib.a(bc.o)
 .text.xc_lex_name
                0x00021980       0x48 miscutils/lib.a(bc.o)
 .text.bc_result_pop_and_push.isra.0
                0x000219c8       0x38 miscutils/lib.a(bc.o)
 .text.xc_program_binOpRetire
                0x00021a00       0x20 miscutils/lib.a(bc.o)
 .text.xc_parse_push
                0x00021a20       0x20 miscutils/lib.a(bc.o)
 .text.xc_parse_pushInst_and_Index
                0x00021a40       0x1c miscutils/lib.a(bc.o)
 .text.xc_parse_pushNUM
                0x00021a5c       0x3c miscutils/lib.a(bc.o)
 .text.bc_parse_operator
                0x00021a98       0x90 miscutils/lib.a(bc.o)
 .text.xc_read_line
                0x00021b28      0x11c miscutils/lib.a(bc.o)
 .text.peek_inbuf
                0x00021c44       0x34 miscutils/lib.a(bc.o)
 .text.eat_inbuf
                0x00021c78       0x18 miscutils/lib.a(bc.o)
 .text.zxc_lex_number
                0x00021c90       0xc0 miscutils/lib.a(bc.o)
 .text.zbc_num_p
                0x00021d50      0x184 miscutils/lib.a(bc.o)
 .text.zbc_num_add
                0x00021ed4       0x44 miscutils/lib.a(bc.o)
 .text.zbc_num_k
                0x00021f18      0x250 miscutils/lib.a(bc.o)
 .text.zbc_num_sqrt
                0x00022168      0x1b0 miscutils/lib.a(bc.o)
 .text.zbc_num_d
                0x00022318      0x1a4 miscutils/lib.a(bc.o)
 .text.zbc_num_r
                0x000224bc       0xac miscutils/lib.a(bc.o)
 .text.bc_program_addFunc
                0x00022568       0x68 miscutils/lib.a(bc.o)
 .text.xc_vm_init
                0x000225d0      0x200 miscutils/lib.a(bc.o)
 .text.xc_program_search
                0x000227d0       0x74 miscutils/lib.a(bc.o)
 .text.xc_program_pushVar
                0x00022844       0x80 miscutils/lib.a(bc.o)
 .text.zxc_program_num
                0x000228c4      0x318 miscutils/lib.a(bc.o)
 .text.zxc_program_binOpPrep
                0x00022bdc       0xb8 miscutils/lib.a(bc.o)
 .text.zxc_program_prep
                0x00022c94       0x4c miscutils/lib.a(bc.o)
 .text.xc_program_print
                0x00022ce0      0x27c miscutils/lib.a(bc.o)
 .text.zxc_program_assign
                0x00022f5c      0x15c miscutils/lib.a(bc.o)
 .text.zxc_program_popResultAndCopyToVar
                0x000230b8      0x17c miscutils/lib.a(bc.o)
 .text.zxc_lex_next
                0x00023234      0x558 miscutils/lib.a(bc.o)
 .text.zxc_parse_text_init
                0x0002378c       0x24 miscutils/lib.a(bc.o)
 .text.zbc_parse_pushSTR
                0x000237b0       0x30 miscutils/lib.a(bc.o)
 .text.zdc_parse_register
                0x000237e0       0x2c miscutils/lib.a(bc.o)
 .text.zdc_parse_expr
                0x0002380c      0x160 miscutils/lib.a(bc.o)
 .text.zdc_parse_exprs_until_eof
                0x0002396c       0x18 miscutils/lib.a(bc.o)
 .text.zbc_parse_expr
                0x00023984      0x5a8 miscutils/lib.a(bc.o)
 .text.zbc_parse_name
                0x00023f2c      0x150 miscutils/lib.a(bc.o)
 .text.zbc_parse_stmt_possibly_auto
                0x0002407c      0x520 miscutils/lib.a(bc.o)
 .text.zbc_parse_stmt_allow_NLINE_before
                0x0002459c       0x40 miscutils/lib.a(bc.o)
 .text.zxc_vm_process
                0x000245dc     0x1070 miscutils/lib.a(bc.o)
 .text.zxc_vm_execute_FILE
                0x0002564c       0x34 miscutils/lib.a(bc.o)
 .text.zxc_vm_exec
                0x00025680       0x80 miscutils/lib.a(bc.o)
 .text.bc_main  0x00025700       0x50 miscutils/lib.a(bc.o)
                0x00025700                bc_main
 .text.dc_main  0x00025750       0xcc miscutils/lib.a(bc.o)
                0x00025750                dc_main
 .text.beep_main
                0x0002581c       0xe8 miscutils/lib.a(beep.o)
                0x0002581c                beep_main
 .text.signal_handler
                0x00025904        0xc miscutils/lib.a(chat.o)
 .text.chat_main
                0x00025910      0x390 miscutils/lib.a(chat.o)
                0x00025910                chat_main
 .text.create_cdev_if_doesnt_exist
                0x00025ca0       0x3c miscutils/lib.a(conspy.o)
 .text.start_shell_in_child
                0x00025cdc       0xa8 miscutils/lib.a(conspy.o)
 .text.putcsi   0x00025d84       0x18 miscutils/lib.a(conspy.o)
 .text.set_cursor
                0x00025d9c       0x34 miscutils/lib.a(conspy.o)
 .text.gotoxy   0x00025dd0       0x28 miscutils/lib.a(conspy.o)
 .text.screen_char
                0x00025df8       0xd8 miscutils/lib.a(conspy.o)
 .text.screen_dump
                0x00025ed0       0xa0 miscutils/lib.a(conspy.o)
 .text.cleanup  0x00025f70       0x4c miscutils/lib.a(conspy.o)
 .text.screen_read_close
                0x00025fbc       0xc0 miscutils/lib.a(conspy.o)
 .text.conspy_main
                0x0002607c      0x388 miscutils/lib.a(conspy.o)
                0x0002607c                conspy_main
 .text.log8     0x00026404       0x28 miscutils/lib.a(crond.o)
 .text.reopen_logfile_to_stderr
                0x0002642c       0x24 miscutils/lib.a(crond.o)
 .text.delete_cronfile
                0x00026450       0x6c miscutils/lib.a(crond.o)
 .text.ParseField
                0x000264bc      0x168 miscutils/lib.a(crond.o)
 .text.safe_setenv
                0x00026624       0x28 miscutils/lib.a(crond.o)
 .text.log7.constprop.0
                0x0002664c       0x28 miscutils/lib.a(crond.o)
 .text.log5     0x00026674       0x28 miscutils/lib.a(crond.o)
 .text.load_crontab
                0x0002669c      0x2c8 miscutils/lib.a(crond.o)
 .text.rescan_crontab_dir
                0x00026964       0x70 miscutils/lib.a(crond.o)
 .text.fork_job
                0x000269d4      0x14c miscutils/lib.a(crond.o)
 .text.start_jobs
                0x00026b20      0x114 miscutils/lib.a(crond.o)
 .text.crond_main
                0x00026c34      0x324 miscutils/lib.a(crond.o)
                0x00026c34                crond_main
 .text.edit_file
                0x00026f58       0x70 miscutils/lib.a(crontab.o)
 .text.crontab_main
                0x00026fc8      0x1cc miscutils/lib.a(crontab.o)
                0x00026fc8                crontab_main
 .text.devmem_main
                0x00027194      0x15c miscutils/lib.a(devmem.o)
                0x00027194                devmem_main
 .text.fb_pixel_value
                0x000272f0       0x5c miscutils/lib.a(fbsplash.o)
 .text.fb_write_pixel
                0x0002734c       0x34 miscutils/lib.a(fbsplash.o)
 .text.fb_drawfullrectangle
                0x00027380       0x5c miscutils/lib.a(fbsplash.o)
 .text.fb_drawprogressbar
                0x000273dc      0x14c miscutils/lib.a(fbsplash.o)
 .text.fb_setpal
                0x00027528       0x70 miscutils/lib.a(fbsplash.o)
 .text.fbsplash_main
                0x00027598      0x33c miscutils/lib.a(fbsplash.o)
                0x00027598                fbsplash_main
 .text.parse_opts
                0x000278d4       0x1c miscutils/lib.a(hdparm.o)
 .text.translate_xfermode
                0x000278f0       0x54 miscutils/lib.a(hdparm.o)
 .text.xprint_ascii
                0x00027944       0x50 miscutils/lib.a(hdparm.o)
 .text.mode_loop
                0x00027994       0x64 miscutils/lib.a(hdparm.o)
 .text.on_off   0x000279f8       0x18 miscutils/lib.a(hdparm.o)
 .text.print_value_on_off
                0x00027a10       0x20 miscutils/lib.a(hdparm.o)
 .text.bus_state_value
                0x00027a30       0x30 miscutils/lib.a(hdparm.o)
 .text.identify_from_stdin
                0x00027a60       0x60 miscutils/lib.a(hdparm.o)
 .text.dump_identity
                0x00027ac0      0x36c miscutils/lib.a(hdparm.o)
 .text.flush_buffer_cache
                0x00027e2c       0x4c miscutils/lib.a(hdparm.o)
 .text.do_time  0x00027e78      0x158 miscutils/lib.a(hdparm.o)
 .text.print_flag_on_off.constprop.0
                0x00027fd0       0x1c miscutils/lib.a(hdparm.o)
 .text.ioctl_alt_func.constprop.0
                0x00027fec       0x30 miscutils/lib.a(hdparm.o)
 .text.process_dev
                0x0002801c      0x9ec miscutils/lib.a(hdparm.o)
 .text.hdparm_main
                0x00028a08      0x3c8 miscutils/lib.a(hdparm.o)
                0x00028a08                hdparm_main
 .text.format_line
                0x00028dd0       0xec miscutils/lib.a(hexedit.o)
 .text.redraw_cur_line
                0x00028ebc       0x48 miscutils/lib.a(hexedit.o)
 .text.redraw   0x00028f04       0xa8 miscutils/lib.a(hexedit.o)
 .text.restore_term
                0x00028fac       0x24 miscutils/lib.a(hexedit.o)
 .text.sig_catcher
                0x00028fd0       0x24 miscutils/lib.a(hexedit.o)
 .text.remap    0x00028ff4       0x74 miscutils/lib.a(hexedit.o)
 .text.move_mapping_further
                0x00029068       0x68 miscutils/lib.a(hexedit.o)
 .text.move_mapping_lower
                0x000290d0       0x44 miscutils/lib.a(hexedit.o)
 .text.hexedit_main
                0x00029114      0x3bc miscutils/lib.a(hexedit.o)
                0x00029114                hexedit_main
 .text.i2c_bus_lookup
                0x000294d0       0x10 miscutils/lib.a(i2c_tools.o)
 .text.i2c_dev_open
                0x000294e0       0x48 miscutils/lib.a(i2c_tools.o)
 .text.get_funcs_matrix
                0x00029528       0x10 miscutils/lib.a(i2c_tools.o)
 .text.i2c_set_slave_addr
                0x00029538       0x24 miscutils/lib.a(i2c_tools.o)
 .text.check_funcs_test_end
                0x0002955c       0x28 miscutils/lib.a(i2c_tools.o)
 .text.check_read_funcs
                0x00029584       0x94 miscutils/lib.a(i2c_tools.o)
 .text.confirm_or_abort
                0x00029618       0x28 miscutils/lib.a(i2c_tools.o)
 .text.confirm_action
                0x00029640       0x54 miscutils/lib.a(i2c_tools.o)
 .text.list_i2c_busses_and_exit
                0x00029694      0x16c miscutils/lib.a(i2c_tools.o)
 .text.i2cget_main
                0x00029800      0x160 miscutils/lib.a(i2c_tools.o)
                0x00029800                i2cget_main
 .text.i2cset_main
                0x00029960      0x39c miscutils/lib.a(i2c_tools.o)
                0x00029960                i2cset_main
 .text.i2cdump_main
                0x00029cfc      0x458 miscutils/lib.a(i2c_tools.o)
                0x00029cfc                i2cdump_main
 .text.i2cdetect_main
                0x0002a154      0x23c miscutils/lib.a(i2c_tools.o)
                0x0002a154                i2cdetect_main
 .text.i2ctransfer_main
                0x0002a390      0x22c miscutils/lib.a(i2c_tools.o)
                0x0002a390                i2ctransfer_main
 .text.at_end   0x0002a5bc       0x48 miscutils/lib.a(less.o)
 .text.safe_lineno
                0x0002a604       0x28 miscutils/lib.a(less.o)
 .text.sigwinch_handler
                0x0002a62c       0x10 miscutils/lib.a(less.o)
 .text.set_tty_cooked
                0x0002a63c       0x20 miscutils/lib.a(less.o)
 .text.clear_line
                0x0002a65c       0x18 miscutils/lib.a(less.o)
 .text.restore_tty
                0x0002a674       0x24 miscutils/lib.a(less.o)
 .text.print_statusline
                0x0002a698       0x24 miscutils/lib.a(less.o)
 .text.fill_match_lines
                0x0002a6bc       0x6c miscutils/lib.a(less.o)
 .text.read_lines
                0x0002a728      0x2b4 miscutils/lib.a(less.o)
 .text.goto_lineno
                0x0002a9dc       0x64 miscutils/lib.a(less.o)
 .text.cap_cur_fline
                0x0002aa40       0x60 miscutils/lib.a(less.o)
 .text.re_wrap  0x0002aaa0      0x138 miscutils/lib.a(less.o)
 .text.update_num_lines
                0x0002abd8       0xa0 miscutils/lib.a(less.o)
 .text.m_status_print
                0x0002ac78       0xdc miscutils/lib.a(less.o)
 .text.status_print
                0x0002ad54       0x70 miscutils/lib.a(less.o)
 .text.buffer_print
                0x0002adc4      0x224 miscutils/lib.a(less.o)
 .text.buffer_fill_and_print
                0x0002afe8       0x94 miscutils/lib.a(less.o)
 .text.reinitialize
                0x0002b07c       0x88 miscutils/lib.a(less.o)
 .text.change_file
                0x0002b104       0x5c miscutils/lib.a(less.o)
 .text.buffer_down
                0x0002b160       0x40 miscutils/lib.a(less.o)
 .text.buffer_up
                0x0002b1a0       0x40 miscutils/lib.a(less.o)
 .text.buffer_to_line
                0x0002b1e0       0x34 miscutils/lib.a(less.o)
 .text.goto_match
                0x0002b214       0x64 miscutils/lib.a(less.o)
 .text.getch_nowait
                0x0002b278       0xd0 miscutils/lib.a(less.o)
 .text.less_getch
                0x0002b348       0x28 miscutils/lib.a(less.o)
 .text.less_gets
                0x0002b370       0x84 miscutils/lib.a(less.o)
 .text.examine_file
                0x0002b3f4       0x5c miscutils/lib.a(less.o)
 .text.regex_process
                0x0002b450       0xd8 miscutils/lib.a(less.o)
 .text.less_main
                0x0002b528      0x970 miscutils/lib.a(less.o)
                0x0002b528                less_main
 .text.lsscsi_main
                0x0002be98       0xfc miscutils/lib.a(lsscsi.o)
                0x0002be98                lsscsi_main
 .text.makedevs_main
                0x0002bf94      0x2a4 miscutils/lib.a(makedevs.o)
                0x0002bf94                makedevs_main
 .text.run_pipe
                0x0002c238      0x134 miscutils/lib.a(man.o)
 .text.show_manpage
                0x0002c36c       0x8c miscutils/lib.a(man.o)
 .text.man_main
                0x0002c3f8      0x2bc miscutils/lib.a(man.o)
                0x0002c3f8                man_main
 .text.microcom_main
                0x0002c6b4      0x200 miscutils/lib.a(microcom.o)
                0x0002c6b4                microcom_main
 .text.mt_main  0x0002c8b4       0xd0 miscutils/lib.a(mt.o)
                0x0002c8b4                mt_main
 .text.next_good_eraseblock
                0x0002c984       0x74 miscutils/lib.a(nandwrite.o)
 .text.nandwrite_main
                0x0002c9f8      0x354 miscutils/lib.a(nandwrite.o)
                0x0002c9f8                nandwrite_main
 .text.partprobe_main
                0x0002cd4c       0x50 miscutils/lib.a(partprobe.o)
                0x0002cd4c                partprobe_main
 .text.raidautorun_main
                0x0002cd9c       0x24 miscutils/lib.a(raidautorun.o)
                0x0002cd9c                raidautorun_main
 .text.runlevel_main
                0x0002cdc0       0x5c miscutils/lib.a(runlevel.o)
                0x0002cdc0                runlevel_main
 .text.rx_main  0x0002ce1c      0x2ac miscutils/lib.a(rx.o)
                0x0002ce1c                rx_main
 .text.seedrng_main
                0x0002d0c8      0x27c miscutils/lib.a(seedrng.o)
                0x0002d0c8                seedrng_main
 .text.setfattr_main
                0x0002d344       0xa4 miscutils/lib.a(setfattr.o)
                0x0002d344                setfattr_main
 .text.setserial_main
                0x0002d3e8      0x41c miscutils/lib.a(setserial.o)
                0x0002d3e8                setserial_main
 .text.strings_main
                0x0002d804      0x150 miscutils/lib.a(strings.o)
                0x0002d804                strings_main
 .text.run_command
                0x0002d954       0x9c miscutils/lib.a(time.o)
 .text.time_main
                0x0002d9f0      0x3c8 miscutils/lib.a(time.o)
                0x0002d9f0                time_main
 .text.tree_print
                0x0002ddb8      0x138 miscutils/lib.a(tree.o)
 .text.tree_main
                0x0002def0       0x44 miscutils/lib.a(tree.o)
                0x0002def0                tree_main
 .text.ts_main  0x0002df34      0x11c miscutils/lib.a(ts.o)
                0x0002df34                ts_main
 .text.ttysize_main
                0x0002e050       0x88 miscutils/lib.a(ttysize.o)
                0x0002e050                ttysize_main
 .text.get_num_from_file
                0x0002e0d8       0x50 miscutils/lib.a(ubi_tools.o)
 .text.ubi_tools_main
                0x0002e128      0x3a8 miscutils/lib.a(ubi_tools.o)
                0x0002e128                ubi_tools_main
 .text.ubirename_main
                0x0002e4d0       0xb8 miscutils/lib.a(ubirename.o)
                0x0002e4d0                ubirename_main
 .text.volname_main
                0x0002e588       0x48 miscutils/lib.a(volname.o)
                0x0002e588                volname_main
 .text.shutdown_on_signal
                0x0002e5d0       0x24 miscutils/lib.a(watchdog.o)
 .text.watchdog_main
                0x0002e5f4       0xd4 miscutils/lib.a(watchdog.o)
                0x0002e5f4                watchdog_main
 .text.parse_module
                0x0002e6c8      0x104 modutils/lib.a(depmod.o)
 .text.xfreopen_write
                0x0002e7cc       0x20 modutils/lib.a(depmod.o)
 .text.depmod_main
                0x0002e7ec      0x1dc modutils/lib.a(depmod.o)
                0x0002e7ec                depmod_main
 .text.insmod_main
                0x0002e9c8       0x38 modutils/lib.a(insmod.o)
                0x0002e9c8                insmod_main
 .text.lsmod_main
                0x0002ea00       0xe0 modutils/lib.a(lsmod.o)
                0x0002ea00                lsmod_main
 .text.display  0x0002eae0       0x4c modutils/lib.a(modinfo.o)
 .text.modinfo  0x0002eb2c      0x100 modutils/lib.a(modinfo.o)
 .text.modinfo_main
                0x0002ec2c       0xf8 modutils/lib.a(modinfo.o)
                0x0002ec2c                modinfo_main
 .text.gather_options_str
                0x0002ed24       0x40 modutils/lib.a(modprobe.o)
 .text.load_modules_dep
                0x0002ed64       0xc0 modutils/lib.a(modprobe.o)
 .text.parse_and_add_kcmdline_module_options
                0x0002ee24       0xac modutils/lib.a(modprobe.o)
 .text.get_or_add_modentry
                0x0002eed0       0x14 modutils/lib.a(modprobe.o)
 .text.add_probe
                0x0002eee4       0x54 modutils/lib.a(modprobe.o)
 .text.do_modprobe
                0x0002ef38      0x174 modutils/lib.a(modprobe.o)
 .text.read_config.isra.0
                0x0002f0ac       0x18 modutils/lib.a(modprobe.o)
 .text.config_file_action
                0x0002f0c4      0x160 modutils/lib.a(modprobe.o)
 .text.modprobe_main
                0x0002f224      0x2b8 modutils/lib.a(modprobe.o)
                0x0002f224                modprobe_main
 .text.parse_cmdline_module_options
                0x0002f4dc       0x84 modutils/lib.a(modutils.o)
                0x0002f4dc                parse_cmdline_module_options
 .text.bb_init_module
                0x0002f560       0x80 modutils/lib.a(modutils.o)
                0x0002f560                bb_init_module
 .text.bb_delete_module
                0x0002f5e0       0x1c modutils/lib.a(modutils.o)
                0x0002f5e0                bb_delete_module
 .text.moderror
                0x0002f5fc       0x54 modutils/lib.a(modutils.o)
                0x0002f5fc                moderror
 .text.rmmod_main
                0x0002f650       0x88 modutils/lib.a(rmmod.o)
                0x0002f650                rmmod_main
 .text.arp_show
                0x0002f6d8      0x1c4 networking/lib.a(arp.o)
 .text.arp_main
                0x0002f89c      0x3f4 networking/lib.a(arp.o)
                0x0002f89c                arp_main
 .text.finish   0x0002fc90       0x58 networking/lib.a(arping.o)
 .text.catcher  0x0002fce8       0xf0 networking/lib.a(arping.o)
 .text.arping_main
                0x0002fdd8      0x4d8 networking/lib.a(arping.o)
                0x0002fdd8                arping_main
 .text.read_file
                0x000302b0       0x30 networking/lib.a(brctl.o)
 .text.show_bridge
                0x000302e0      0x108 networking/lib.a(brctl.o)
 .text.printf_xstrtou
                0x000303e8       0x1c networking/lib.a(brctl.o)
 .text.show_bridge_timer
                0x00030404       0x2c networking/lib.a(brctl.o)
 .text.show_bridge_port
                0x00030430      0x210 networking/lib.a(brctl.o)
 .text.write_uint
                0x00030640       0x4c networking/lib.a(brctl.o)
 .text.dnsd_main
                0x0003068c      0x3c0 networking/lib.a(dnsd.o)
                0x0003068c                dnsd_main
 .text.ether_wake_main
                0x00030a4c      0x1cc networking/lib.a(ether-wake.o)
                0x00030a4c                ether_wake_main
 .text.verbose_log
                0x00030c18       0x20 networking/lib.a(ftpd.o)
 .text.cmdio_get_cmd_and_arg
                0x00030c38       0xd0 networking/lib.a(ftpd.o)
 .text.cmdio_write_ok
                0x00030d08       0x2c networking/lib.a(ftpd.o)
 .text.cmdio_write_error
                0x00030d34       0x2c networking/lib.a(ftpd.o)
 .text.cmdio_write
                0x00030d60       0x54 networking/lib.a(ftpd.o)
 .text.handle_cwd
                0x00030db4       0x34 networking/lib.a(ftpd.o)
 .text.port_pasv_cleanup
                0x00030de8       0x28 networking/lib.a(ftpd.o)
 .text.get_remote_transfer_fd
                0x00030e10       0x58 networking/lib.a(ftpd.o)
 .text.bind_for_passive_mode
                0x00030e68       0x58 networking/lib.a(ftpd.o)
 .text.cmdio_write_raw
                0x00030ec0       0x28 networking/lib.a(ftpd.o)
 .text.timeout_handler
                0x00030ee8       0x5c networking/lib.a(ftpd.o)
 .text.port_or_pasv_was_seen
                0x00030f44       0x28 networking/lib.a(ftpd.o)
 .text.handle_upload_common
                0x00030f6c      0x10c networking/lib.a(ftpd.o)
 .text.handle_dir_common
                0x00031078      0x130 networking/lib.a(ftpd.o)
 .text.ftpd_main
                0x000311a8      0x728 networking/lib.a(ftpd.o)
                0x000311a8                ftpd_main
 .text.ftp_die  0x000318d0       0x38 networking/lib.a(ftpgetput.o)
 .text.ftpcmd   0x00031908       0x80 networking/lib.a(ftpgetput.o)
 .text.xconnect_ftpdata
                0x00031988       0x54 networking/lib.a(ftpgetput.o)
 .text.pump_data_and_QUIT
                0x000319dc       0x48 networking/lib.a(ftpgetput.o)
 .text.ftp_receive
                0x00031a24       0xf0 networking/lib.a(ftpgetput.o)
 .text.ftp_send
                0x00031b14       0x48 networking/lib.a(ftpgetput.o)
 .text.ftpgetput_main
                0x00031b5c      0x124 networking/lib.a(ftpgetput.o)
                0x00031b5c                ftpgetput_main
 .text.do_sethostname
                0x00031c80       0x58 networking/lib.a(hostname.o)
 .text.hostname_main
                0x00031cd8       0xe8 networking/lib.a(hostname.o)
                0x00031cd8                hostname_main
 .text.parse_conf
                0x00031dc0      0x3e8 networking/lib.a(httpd.o)
 .text.sighup_handler
                0x000321a8       0x1c networking/lib.a(httpd.o)
 .text.get_line
                0x000321c4       0x68 networking/lib.a(httpd.o)
 .text.log_and_exit
                0x0003222c       0x30 networking/lib.a(httpd.o)
 .text.cgi_io_loop_and_exit
                0x0003225c      0x18c networking/lib.a(httpd.o)
 .text.check_user_passwd
                0x000323e8      0x150 networking/lib.a(httpd.o)
 .text.setenv1  0x00032538       0x14 networking/lib.a(httpd.o)
 .text.send_file_and_exit
                0x0003254c      0x274 networking/lib.a(httpd.o)
 .text.send_headers
                0x000327c0      0x23c networking/lib.a(httpd.o)
 .text.send_headers_and_exit
                0x000329fc       0x20 networking/lib.a(httpd.o)
 .text.if_ip_denied_send_HTTP_FORBIDDEN_and_exit
                0x00032a1c       0x30 networking/lib.a(httpd.o)
 .text.send_cgi_and_exit
                0x00032a4c      0x23c networking/lib.a(httpd.o)
 .text.handle_incoming_and_exit
                0x00032c88      0x618 networking/lib.a(httpd.o)
 .text.httpd_main
                0x000332a0      0x238 networking/lib.a(httpd.o)
                0x000332a0                httpd_main
 .text.ifconfig_main
                0x000334d8      0x338 networking/lib.a(ifconfig.o)
                0x000334d8                ifconfig_main
 .text.set_if_down
                0x00033810       0x30 networking/lib.a(ifenslave.o)
 .text.get_drv_info
                0x00033840       0x88 networking/lib.a(ifenslave.o)
 .text.enslave  0x000338c8      0x204 networking/lib.a(ifenslave.o)
 .text.ifenslave_main
                0x00033acc      0x218 networking/lib.a(ifenslave.o)
                0x00033acc                ifenslave_main
 .text.set_ifreq_to_ifname
                0x00033ce4       0x1c networking/lib.a(ifplugd.o)
 .text.network_ioctl
                0x00033d00       0x24 networking/lib.a(ifplugd.o)
 .text.detect_link_iff
                0x00033d24       0x44 networking/lib.a(ifplugd.o)
 .text.detect_link_wlan
                0x00033d68       0x7c networking/lib.a(ifplugd.o)
 .text.detect_link_priv
                0x00033de4       0x4c networking/lib.a(ifplugd.o)
 .text.detect_link_mii
                0x00033e30       0x4c networking/lib.a(ifplugd.o)
 .text.detect_link_ethtool
                0x00033e7c       0x3c networking/lib.a(ifplugd.o)
 .text.check_existence_through_netlink
                0x00033eb8      0x104 networking/lib.a(ifplugd.o)
 .text.up_iface
                0x00033fbc       0x78 networking/lib.a(ifplugd.o)
 .text.maybe_up_new_iface
                0x00034034       0x28 networking/lib.a(ifplugd.o)
 .text.detect_link
                0x0003405c       0xc4 networking/lib.a(ifplugd.o)
 .text.run_script
                0x00034120       0xbc networking/lib.a(ifplugd.o)
 .text.ifplugd_main
                0x000341dc      0x388 networking/lib.a(ifplugd.o)
                0x000341dc                ifplugd_main
 .text.doit     0x00034564       0x74 networking/lib.a(ifupdown.o)
 .text.set_environ
                0x000345d8       0xec networking/lib.a(ifupdown.o)
 .text.execute_all
                0x000346c4       0x4c networking/lib.a(ifupdown.o)
 .text.iface_down
                0x00034710       0x6c networking/lib.a(ifupdown.o)
 .text.iface_up
                0x0003477c       0x6c networking/lib.a(ifupdown.o)
 .text.next_word
                0x000347e8       0x38 networking/lib.a(ifupdown.o)
 .text.get_var  0x00034820       0x5c networking/lib.a(ifupdown.o)
 .text.execute  0x0003487c      0x1a4 networking/lib.a(ifupdown.o)
 .text.loopback_down6
                0x00034a20       0x10 networking/lib.a(ifupdown.o)
 .text.loopback_up6
                0x00034a30       0x30 networking/lib.a(ifupdown.o)
 .text.static_up6
                0x00034a60       0x40 networking/lib.a(ifupdown.o)
 .text.v4tunnel_down
                0x00034aa0       0x10 networking/lib.a(ifupdown.o)
 .text.v4tunnel_up
                0x00034ab0       0x50 networking/lib.a(ifupdown.o)
 .text.loopback_down
                0x00034b00       0x30 networking/lib.a(ifupdown.o)
 .text.loopback_up
                0x00034b30       0x30 networking/lib.a(ifupdown.o)
 .text.dhcp_up  0x00034b60       0x2c networking/lib.a(ifupdown.o)
 .text.bootp_up
                0x00034b8c       0x10 networking/lib.a(ifupdown.o)
 .text.static_up
                0x00034b9c       0x40 networking/lib.a(ifupdown.o)
 .text.ppp_down
                0x00034bdc       0x10 networking/lib.a(ifupdown.o)
 .text.ppp_up   0x00034bec       0x10 networking/lib.a(ifupdown.o)
 .text.wvdial_down
                0x00034bfc       0x10 networking/lib.a(ifupdown.o)
 .text.wvdial_up
                0x00034c0c       0x10 networking/lib.a(ifupdown.o)
 .text.static_down6
                0x00034c1c       0x24 networking/lib.a(ifupdown.o)
 .text.static_down
                0x00034c40       0x3c networking/lib.a(ifupdown.o)
 .text.dhcp_down
                0x00034c7c       0x34 networking/lib.a(ifupdown.o)
 .text.popen2   0x00034cb0       0x7c networking/lib.a(ifupdown.o)
 .text.read_iface_state
                0x00034d2c       0x44 networking/lib.a(ifupdown.o)
 .text.read_interfaces
                0x00034d70      0x3b8 networking/lib.a(ifupdown.o)
 .text.ifupdown_main
                0x00035128      0x38c networking/lib.a(ifupdown.o)
                0x00035128                ifupdown_main
 .text.remove_fd_from_set
                0x000354b4       0x3c networking/lib.a(inetd.o)
 .text.init_ring
                0x000354f0       0x20 networking/lib.a(inetd.o)
 .text.discard_dg
                0x00035510       0x10 networking/lib.a(inetd.o)
 .text.bump_nofile
                0x00035520       0x84 networking/lib.a(inetd.o)
 .text.add_fd_to_set
                0x000355a4       0x54 networking/lib.a(inetd.o)
 .text.clean_up_and_exit
                0x000355f8       0x34 networking/lib.a(inetd.o)
 .text.reap_child
                0x0003562c       0x7c networking/lib.a(inetd.o)
 .text.daytime_dg
                0x000356a8       0x74 networking/lib.a(inetd.o)
 .text.daytime_stream
                0x0003571c       0x24 networking/lib.a(inetd.o)
 .text.machtime
                0x00035740       0x1c networking/lib.a(inetd.o)
 .text.machtime_dg
                0x0003575c       0x58 networking/lib.a(inetd.o)
 .text.discard_stream
                0x000357b4       0x1c networking/lib.a(inetd.o)
 .text.echo_stream
                0x000357d0       0x28 networking/lib.a(inetd.o)
 .text.rearm_alarm
                0x000357f8       0x24 networking/lib.a(inetd.o)
 .text.prepare_socket_fd
                0x0003581c       0x84 networking/lib.a(inetd.o)
 .text.retry_network_setup
                0x000358a0       0x3c networking/lib.a(inetd.o)
 .text.chargen_dg
                0x000358dc       0xb4 networking/lib.a(inetd.o)
 .text.chargen_stream
                0x00035990       0x6c networking/lib.a(inetd.o)
 .text.parse_one_line
                0x000359fc      0x30c networking/lib.a(inetd.o)
 .text.reread_config_file
                0x00035d08      0x284 networking/lib.a(inetd.o)
 .text.inetd_main
                0x00035f8c      0x5c8 networking/lib.a(inetd.o)
                0x00035f8c                inetd_main
 .text.UNSPEC_print
                0x00036554       0x40 networking/lib.a(interface.o)
 .text.UNSPEC_sprint
                0x00036594       0x1c networking/lib.a(interface.o)
 .text.INET6_sprint
                0x000365b0       0x24 networking/lib.a(interface.o)
 .text.INET_sprint
                0x000365d4       0x28 networking/lib.a(interface.o)
 .text.ether_print
                0x000365fc       0x28 networking/lib.a(interface.o)
 .text.print_bytes_scaled
                0x00036624       0x54 networking/lib.a(interface.o)
 .text.if_readlist_proc.constprop.0
                0x00036678      0x184 networking/lib.a(interface.o)
 .text.get_aftype
                0x000367fc       0x20 networking/lib.a(interface.o)
                0x000367fc                get_aftype
 .text.get_hwtype
                0x0003681c       0x20 networking/lib.a(interface.o)
                0x0003681c                get_hwtype
 .text.get_hwntype
                0x0003683c       0x18 networking/lib.a(interface.o)
                0x0003683c                get_hwntype
 .text.do_if_print
                0x00036854      0x5fc networking/lib.a(interface.o)
 .text.display_interfaces
                0x00036e50       0xb8 networking/lib.a(interface.o)
                0x00036e50                display_interfaces
 .text.ipaddr_main
                0x00036f08        0xc networking/lib.a(ip.o)
                0x00036f08                ipaddr_main
 .text.iplink_main
                0x00036f14        0xc networking/lib.a(ip.o)
                0x00036f14                iplink_main
 .text.iproute_main
                0x00036f20        0xc networking/lib.a(ip.o)
                0x00036f20                iproute_main
 .text.iprule_main
                0x00036f2c        0xc networking/lib.a(ip.o)
                0x00036f2c                iprule_main
 .text.iptunnel_main
                0x00036f38        0xc networking/lib.a(ip.o)
                0x00036f38                iptunnel_main
 .text.ipneigh_main
                0x00036f44        0xc networking/lib.a(ip.o)
                0x00036f44                ipneigh_main
 .text.ip_main  0x00036f50       0x34 networking/lib.a(ip.o)
                0x00036f50                ip_main
 .text.ipcalc_main
                0x00036f84      0x1a4 networking/lib.a(ipcalc.o)
                0x00036f84                ipcalc_main
 .text.do_rd    0x00037128       0x80 networking/lib.a(isrv_identd.o)
 .text.fakeidentd_main
                0x000371a8       0xd4 networking/lib.a(isrv_identd.o)
                0x000371a8                fakeidentd_main
 .text.prepend_new_eth_table
                0x0003727c      0x104 networking/lib.a(nameif.o)
 .text.nameif_main
                0x00037380      0x1ec networking/lib.a(nameif.o)
                0x00037380                nameif_main
 .text.catch    0x0003756c       0x44 networking/lib.a(nc.o)
 .text.arm      0x000375b0       0x1c networking/lib.a(nc.o)
 .text.tmtravel
                0x000375cc       0x18 networking/lib.a(nc.o)
 .text.connect_w_timeout
                0x000375e4       0x4c networking/lib.a(nc.o)
 .text.oprint   0x00037630       0xec networking/lib.a(nc.o)
 .text.readwrite
                0x0003771c      0x214 networking/lib.a(nc.o)
 .text.doexec.isra.0
                0x00037930       0x28 networking/lib.a(nc.o)
 .text.dolisten
                0x00037958      0x2a0 networking/lib.a(nc.o)
 .text.nc_main  0x00037bf8      0x334 networking/lib.a(nc.o)
                0x00037bf8                nc_main
 .text.prg_cache_get
                0x00037f2c       0x30 networking/lib.a(netstat.o)
 .text.unix_do_one